******************************************************************************
             TMS320C2000 Linker PC v22.6.1                     
******************************************************************************
>> Linked Fri May 22 08:04:22 2026

OUTPUT FILE NAME:   <empty_driverlib_project.out>
ENTRY POINT SYMBOL: "code_start"  address: 00000000


MEMORY CONFIGURATION

         name            origin    length      used     unused   attr    fill
----------------------  --------  ---------  --------  --------  ----  --------
PAGE 0:
  BEGIN                 00000000   00000002  00000002  00000000  RWIX
  RAMM0                 00000123   000002dd  0000001a  000002c3  RWIX
  RAMLS0                00008000   00000800  00000800  00000000  RWIX
  RAMLS1                00008800   00000800  000001b8  00000648  RWIX
  RAMLS2                00009000   00000800  00000000  00000800  RWIX
  RAMLS3                00009800   00000800  00000000  00000800  RWIX
  RAMLS4                0000a000   00000800  00000000  00000800  RWIX
  RAMD0                 0000b000   00000800  00000800  00000000  RWIX
  FLASHA                00080002   00001ffe  00000000  00001ffe  RWIX
  FLASHB                00082000   00002000  00000000  00002000  RWIX
  FLASHC                00084000   00002000  00000000  00002000  RWIX
  FLASHD                00086000   00002000  00000000  00002000  RWIX
  FLASHE                00088000   00008000  00000000  00008000  RWIX
  FLASHF                00090000   00008000  00000000  00008000  RWIX
  FLASHG                00098000   00008000  00000000  00008000  RWIX
  FLASHH                000a0000   00008000  00000000  00008000  RWIX
  FLASHI                000a8000   00008000  00000000  00008000  RWIX
  FLASHJ                000b0000   00008000  00000000  00008000  RWIX
  FLASHK                000b8000   00002000  00000000  00002000  RWIX
  FLASHL                000ba000   00002000  00000000  00002000  RWIX
  FLASHM                000bc000   00002000  00000000  00002000  RWIX
  FLASHN                000be000   00001ff0  00000000  00001ff0  RWIX
  RESET                 003fffc0   00000002  00000000  00000002  RWIX

PAGE 1:
  BOOT_RSVD             00000002   00000121  00000000  00000121  RWIX
  RAMM1                 00000400   000003f8  00000100  000002f8  RWIX
  RAMLS5                0000a800   00000800  000001ef  00000611  RWIX
  RAMD1                 0000b800   00000800  00000000  00000800  RWIX
  RAMGS0                0000c000   00001000  00000000  00001000  RWIX
  RAMGS1                0000d000   00001000  00000000  00001000  RWIX
  RAMGS2                0000e000   00001000  00000000  00001000  RWIX
  RAMGS3                0000f000   00001000  00000000  00001000  RWIX
  RAMGS4                00010000   00001000  00000000  00001000  RWIX
  RAMGS5                00011000   00001000  00000000  00001000  RWIX
  RAMGS6                00012000   00001000  00000000  00001000  RWIX
  RAMGS7                00013000   00001000  00000000  00001000  RWIX
  RAMGS8                00014000   00001000  00000000  00001000  RWIX
  RAMGS9                00015000   00001000  00000000  00001000  RWIX
  RAMGS10               00016000   00001000  00000000  00001000  RWIX
  RAMGS11               00017000   00001000  00000000  00001000  RWIX
  RAMGS12               00018000   00001000  00000000  00001000  RWIX
  RAMGS13               00019000   00001000  00000000  00001000  RWIX
  RAMGS14               0001a000   00001000  00000000  00001000  RWIX
  RAMGS15               0001b000   00000ff8  00000000  00000ff8  RWIX
  CPU2TOCPU1RAM         0003f800   00000400  00000000  00000400  RWIX
  CPU1TOCPU2RAM         0003fc00   00000400  00000000  00000400  RWIX
  CANA_MSG_RAM          00049000   00000800  00000000  00000800  RWIX
  CANB_MSG_RAM          0004b000   00000800  00000000  00000800  RWIX


SECTION ALLOCATION MAP

 output                                  attributes/
section   page    origin      length       input sections
--------  ----  ----------  ----------   ----------------
codestart 
*          0    00000000    00000002     
                  00000000    00000002     F2837xD_CodeStartBranch.obj (codestart)

.cinit     0    00000128    00000016     
                  00000128    0000000e     (.cinit..data.load) [load image, compression = lzss]
                  00000136    00000004     (__TI_handler_table)
                  0000013a    00000004     (__TI_cinit_table)

.reset     0    003fffc0    00000000     DSECT

.stack     1    00000400    00000100     UNINITIALIZED
                  00000400    00000100     --HOLE--

.init_array 
*          0    00000123    00000000     UNINITIALIZED

.const     1    0000a800    000001d7     
                  0000a800    000000c2     driverlib_eabi.lib : sysctl.obj (.const:.string)
                  0000a8c2    000000bc                        : gpio.obj (.const:.string)
                  0000a97e    00000045     empty_driverlib_main.obj (.const:.string)
                  0000a9c3    00000001     --HOLE-- [fill = 0]
                  0000a9c4    00000013     device.obj (.const:.string)

.data      1    0000a9d8    00000018     UNINITIALIZED
                  0000a9d8    00000008     empty_driverlib_main.obj (.data)
                  0000a9e0    00000006     device.obj (.data)
                  0000a9e6    00000006     rts2800_fpu32_eabi.lib : exit.c.obj (.data)
                  0000a9ec    00000002                            : _lock.c.obj (.data:_lock)
                  0000a9ee    00000002                            : _lock.c.obj (.data:_unlock)

.TI.ramfunc 
*          0    00000123    00000004     
                  00000123    00000004     driverlib_eabi.lib : sysctl.obj (.TI.ramfunc)

GETBUFFER 
*          0    0003f800    00000000     DSECT

GETWRITEIDX 
*          0    0003f800    00000000     DSECT

PUTREADIDX 
*          0    0003f800    00000000     DSECT

.text.1    0    00008000    00000800     
                  00008000    000003ff     device.obj (.text)
                  000083ff    00000088     rts2800_fpu32_eabi.lib : fs_div28.asm.obj (.text)
                  00008487    00000068     driverlib_eabi.lib : sysctl.obj (.text:SysCtl_getDeviceParametric)
                  000084ef    00000066     rts2800_fpu32_eabi.lib : s_sinf.c.obj (.text)
                  00008555    00000052     driverlib_eabi.lib : gpio.obj (.text:GPIO_setPadConfig)
                  000085a7    00000051                        : sysctl.obj (.text:SysCtl_getClock)
                  000085f8    00000048                        : sysctl.obj (.text:SysCtl_selectOscSource)
                  00008640    0000003d                        : interrupt.obj (.text:Interrupt_initModule)
                  0000867d    00000037                        : gpio.obj (.text:GPIO_setControllerCore)
                  000086b4    00000037                        : gpio.obj (.text:GPIO_setPinConfig)
                  000086eb    00000037                        : gpio.obj (.text:GPIO_setQualificationMode)
                  00008722    00000037                        : interrupt.obj (.text:Interrupt_enable)
                  00008759    00000031                        : gpio.obj (.text:GPIO_setDirectionMode)
                  0000878a    00000030     rts2800_fpu32_eabi.lib : copy_decompress_lzss.c.obj (.text:decompress:lzss)
                  000087ba    0000002b                            : autoinit.c.obj (.text:__TI_auto_init_nobinit_nopinit)
                  000087e5    0000001a     driverlib_eabi.lib : sysctl.obj (.text:CPUTimer_startTimer)
                  000087ff    00000001     rts2800_fpu32_eabi.lib : startup.c.obj (.text)

.text.2    0    00008800    000001b8     
                  00008800    00000029     rts2800_fpu32_eabi.lib : exit.c.obj (.text)
                  00008829    00000028     driverlib_eabi.lib : sysctl.obj (.text:CPUTimer_selectClockSource)
                  00008851    0000001e                        : interrupt.obj (.text:Interrupt_initVectorTable)
                  0000886f    0000001d     rts2800_fpu32_eabi.lib : memcpy.c.obj (.text)
                  0000888c    0000001a     driverlib_eabi.lib : sysctl.obj (.text:SysCtl_getLowSpeedClock)
                  000088a6    00000017                        : sysctl.obj (.text:CPUTimer_isBaseValid)
                  000088bd    00000017     rts2800_fpu32_eabi.lib : boot28.asm.obj (.text)
                  000088d4    00000016     driverlib_eabi.lib : interrupt.obj (.text:Interrupt_defaultHandler)
                  000088ea    00000014                        : sysctl.obj (.text:CPUTimer_stopTimer)
                  000088fe    00000012                        : sysctl.obj (.text:CPUTimer_clearOverflowFlag)
                  00008910    00000012                        : sysctl.obj (.text:CPUTimer_disableInterrupt)
                  00008922    00000011                        : sysctl.obj (.text:CPUTimer_setPeriod)
                  00008933    0000000f                        : sysctl.obj (.text:SysCtl_pollCpuTimer)
                  00008942    0000000e                        : gpio.obj (.text:GPIO_isPinValid)
                  00008950    0000000d                        : interrupt.obj (.text:Interrupt_disableGlobal)
                  0000895d    0000000d                        : interrupt.obj (.text:Interrupt_enableGlobal)
                  0000896a    0000000c     rts2800_fpu32_eabi.lib : args_main.c.obj (.text)
                  00008976    0000000b     driverlib_eabi.lib : sysctl.obj (.text:SysCtl_isMCDClockFailureDetected)
                  00008981    0000000a                        : interrupt.obj (.text:Interrupt_illegalOperationHandler)
                  0000898b    0000000a                        : interrupt.obj (.text:Interrupt_nmiHandler)
                  00008995    00000009                        : sysctl.obj (.text:SysCtl_serviceWatchdog)
                  0000899e    00000009     rts2800_fpu32_eabi.lib : _lock.c.obj (.text)
                  000089a7    00000008                            : copy_decompress_none.c.obj (.text:decompress:none)
                  000089af    00000007     driverlib_eabi.lib : sysctl.obj (.text:SysCtl_resetMCD)
                  000089b6    00000002     rts2800_fpu32_eabi.lib : pre_init.c.obj (.text)

.text.3    0    0000b000    00000800     
                  0000b000    00000441     empty_driverlib_main.obj (.text)
                  0000b441    00000209     driverlib_eabi.lib : sysctl.obj (.text:SysCtl_setClock)
                  0000b64a    000000ff     empty_driverlib_main.obj (.text:retain)
                  0000b749    00000090     driverlib_eabi.lib : sysctl.obj (.text:SysCtl_selectXTAL)
                  0000b7d9    0000001f                        : sysctl.obj (.text:CPUTimer_getTimerOverflowStatus)
                  0000b7f8    00000008     F2837xD_CodeStartBranch.obj (.text)

MODULE SUMMARY

       Module                        code   ro data   rw data
       ------                        ----   -------   -------
    .\
       empty_driverlib_main.obj      1344   69        8      
    +--+-----------------------------+------+---------+---------+
       Total:                        1344   69        8      
                                                             
    .\device\
       device.obj                    1023   19        6      
       F2837xD_CodeStartBranch.obj   10     0         0      
    +--+-----------------------------+------+---------+---------+
       Total:                        1033   19        6      
                                                             
    C:\ti\c2000\C2000Ware_26_00_00_00\driverlib\f2837xd\driverlib\ccs\Debug\driverlib_eabi.lib
       sysctl.obj                    1187   194       0      
       gpio.obj                      310    188       0      
       interrupt.obj                 214    0         0      
    +--+-----------------------------+------+---------+---------+
       Total:                        1711   382       0      
                                                             
    C:\ti\ccs1281\ccs\tools\compiler\ti-cgt-c2000_22.6.1.LTS\lib\rts2800_fpu32_eabi.lib
       fs_div28.asm.obj              136    0         0      
       s_sinf.c.obj                  102    0         0      
       copy_decompress_lzss.c.obj    48     0         0      
       exit.c.obj                    41     0         6      
       autoinit.c.obj                43     0         0      
       memcpy.c.obj                  29     0         0      
       boot28.asm.obj                23     0         0      
       _lock.c.obj                   9      0         4      
       args_main.c.obj               12     0         0      
       copy_decompress_none.c.obj    8      0         0      
       pre_init.c.obj                2      0         0      
       startup.c.obj                 1      0         0      
    +--+-----------------------------+------+---------+---------+
       Total:                        454    0         10     
                                                             
       Stack:                        0      0         256    
       Linker Generated:             0      22        0      
    +--+-----------------------------+------+---------+---------+
       Grand Total:                  4542   492       280    


LINKER GENERATED COPY TABLES

__TI_cinit_table @ 0000013a records: 1, size/record: 4, table size: 4
	.data: load addr=00000128, load size=0000000e bytes, run addr=0000a9d8, run size=00000018 bytes, compression=lzss


LINKER GENERATED HANDLER TABLE

__TI_handler_table @ 00000136 records: 2, size/record: 2, table size: 4
	index: 0, handler: __TI_decompress_lzss
	index: 1, handler: __TI_decompress_none


GLOBAL DATA SYMBOLS: SORTED BY DATA PAGE

address     data page           name
--------    ----------------    ----
00000400      10 (00000400)     __stack

0000a9d8     2a7 (0000a9c0)     periodo_meio
0000a9da     2a7 (0000a9c0)     freq_moduladora
0000a9dc     2a7 (0000a9c0)     indice_modulacao
0000a9de     2a7 (0000a9c0)     theta
0000a9e0     2a7 (0000a9c0)     Example_Result
0000a9e2     2a7 (0000a9c0)     Example_PassCount
0000a9e4     2a7 (0000a9c0)     Example_Fail
0000a9e6     2a7 (0000a9c0)     __TI_enable_exit_profile_output
0000a9e8     2a7 (0000a9c0)     __TI_cleanup_ptr
0000a9ea     2a7 (0000a9c0)     __TI_dtors_ptr
0000a9ec     2a7 (0000a9c0)     _lock
0000a9ee     2a7 (0000a9c0)     _unlock


GLOBAL SYMBOLS: SORTED ALPHABETICALLY BY Name 

page  address   name                                     
----  -------   ----                                     
0     00008800  C$$EXIT                                  
0     0000b3de  ConfiguraBaseEPWM                        
0     0000b419  ConfiguraSinaisComplementares            
0     00008273  Device_bootCPU2                          
0     00008242  Device_configureTMXAnalogTrim            
0     000080f0  Device_enableAllPeripherals              
0     0000822c  Device_enableUnbondedGPIOPullups         
0     0000820f  Device_enableUnbondedGPIOPullupsFor100Pin
0     000081fc  Device_enableUnbondedGPIOPullupsFor176Pin
0     000080ae  Device_init                              
0     000081db  Device_initGPIO                          
1     0000a9e4  Example_Fail                             
1     0000a9e2  Example_PassCount                        
1     0000a9e0  Example_Result                           
0     000083fe  Example_done                             
0     000083f9  Example_setResultFail                    
0     000083f4  Example_setResultPass                    
0     0000867d  GPIO_setControllerCore                   
0     00008759  GPIO_setDirectionMode                    
0     00008555  GPIO_setPadConfig                        
0     000086b4  GPIO_setPinConfig                        
0     000086eb  GPIO_setQualificationMode                
0     000088d4  Interrupt_defaultHandler                 
0     00008722  Interrupt_enable                         
0     00008981  Interrupt_illegalOperationHandler        
0     00008640  Interrupt_initModule                     
0     00008851  Interrupt_initVectorTable                
0     0000898b  Interrupt_nmiHandler                     
0     00000123  SysCtl_delay                             
0     000085a7  SysCtl_getClock                          
0     00008487  SysCtl_getDeviceParametric               
0     0000888c  SysCtl_getLowSpeedClock                  
0     000085f8  SysCtl_selectOscSource                   
0     0000b749  SysCtl_selectXTAL                        
0     0000b441  SysCtl_setClock                          
0     0000013a  __TI_CINIT_Base                          
0     0000013e  __TI_CINIT_Limit                         
0     0000013e  __TI_CINIT_Warm                          
0     00000136  __TI_Handler_Table_Base                  
0     0000013a  __TI_Handler_Table_Limit                 
1     00000500  __TI_STACK_END                           
abs   00000100  __TI_STACK_SIZE                          
0     000087ba  __TI_auto_init_nobinit_nopinit           
1     0000a9e8  __TI_cleanup_ptr                         
0     0000878a  __TI_decompress_lzss                     
0     000089a7  __TI_decompress_none                     
1     0000a9ea  __TI_dtors_ptr                           
1     0000a9e6  __TI_enable_exit_profile_output          
abs   ffffffff  __TI_pprof_out_hndl                      
abs   ffffffff  __TI_prof_data_size                      
abs   ffffffff  __TI_prof_data_start                     
0     000083ff  __c28xabi_divf                           
n/a   UNDEFED   __c_args__                               
0     000083ed  __error__                                
1     00000400  __stack                                  
0     0000896a  _args_main                               
0     000088bd  _c_int00                                 
1     0000a9ec  _lock                                    
0     000089a6  _nop                                     
0     000089a2  _register_lock                           
0     0000899e  _register_unlock                         
0     000087ff  _system_post_cinit                       
0     000089b6  _system_pre_init                         
1     0000a9ee  _unlock                                  
0     00008800  abort                                    
0     00000000  code_start                               
0     0000b64a  epwm1ISR                                 
0     00008802  exit                                     
1     0000a9da  freq_moduladora                          
1     0000a9dc  indice_modulacao                         
0     0000b331  main                                     
0     0000886f  memcpy                                   
1     0000a9d8  periodo_meio                             
0     000084ef  sinf                                     
1     0000a9de  theta                                    


GLOBAL SYMBOLS: SORTED BY Symbol Address 

page  address   name                                     
----  -------   ----                                     
0     00000000  code_start                               
0     00000123  SysCtl_delay                             
0     00000136  __TI_Handler_Table_Base                  
0     0000013a  __TI_CINIT_Base                          
0     0000013a  __TI_Handler_Table_Limit                 
0     0000013e  __TI_CINIT_Limit                         
0     0000013e  __TI_CINIT_Warm                          
0     000080ae  Device_init                              
0     000080f0  Device_enableAllPeripherals              
0     000081db  Device_initGPIO                          
0     000081fc  Device_enableUnbondedGPIOPullupsFor176Pin
0     0000820f  Device_enableUnbondedGPIOPullupsFor100Pin
0     0000822c  Device_enableUnbondedGPIOPullups         
0     00008242  Device_configureTMXAnalogTrim            
0     00008273  Device_bootCPU2                          
0     000083ed  __error__                                
0     000083f4  Example_setResultPass                    
0     000083f9  Example_setResultFail                    
0     000083fe  Example_done                             
0     000083ff  __c28xabi_divf                           
0     00008487  SysCtl_getDeviceParametric               
0     000084ef  sinf                                     
0     00008555  GPIO_setPadConfig                        
0     000085a7  SysCtl_getClock                          
0     000085f8  SysCtl_selectOscSource                   
0     00008640  Interrupt_initModule                     
0     0000867d  GPIO_setControllerCore                   
0     000086b4  GPIO_setPinConfig                        
0     000086eb  GPIO_setQualificationMode                
0     00008722  Interrupt_enable                         
0     00008759  GPIO_setDirectionMode                    
0     0000878a  __TI_decompress_lzss                     
0     000087ba  __TI_auto_init_nobinit_nopinit           
0     000087ff  _system_post_cinit                       
0     00008800  C$$EXIT                                  
0     00008800  abort                                    
0     00008802  exit                                     
0     00008851  Interrupt_initVectorTable                
0     0000886f  memcpy                                   
0     0000888c  SysCtl_getLowSpeedClock                  
0     000088bd  _c_int00                                 
0     000088d4  Interrupt_defaultHandler                 
0     0000896a  _args_main                               
0     00008981  Interrupt_illegalOperationHandler        
0     0000898b  Interrupt_nmiHandler                     
0     0000899e  _register_unlock                         
0     000089a2  _register_lock                           
0     000089a6  _nop                                     
0     000089a7  __TI_decompress_none                     
0     000089b6  _system_pre_init                         
0     0000b331  main                                     
0     0000b3de  ConfiguraBaseEPWM                        
0     0000b419  ConfiguraSinaisComplementares            
0     0000b441  SysCtl_setClock                          
0     0000b64a  epwm1ISR                                 
0     0000b749  SysCtl_selectXTAL                        
1     00000400  __stack                                  
1     00000500  __TI_STACK_END                           
1     0000a9d8  periodo_meio                             
1     0000a9da  freq_moduladora                          
1     0000a9dc  indice_modulacao                         
1     0000a9de  theta                                    
1     0000a9e0  Example_Result                           
1     0000a9e2  Example_PassCount                        
1     0000a9e4  Example_Fail                             
1     0000a9e6  __TI_enable_exit_profile_output          
1     0000a9e8  __TI_cleanup_ptr                         
1     0000a9ea  __TI_dtors_ptr                           
1     0000a9ec  _lock                                    
1     0000a9ee  _unlock                                  
abs   00000100  __TI_STACK_SIZE                          
abs   ffffffff  __TI_pprof_out_hndl                      
abs   ffffffff  __TI_prof_data_size                      
abs   ffffffff  __TI_prof_data_start                     
n/a   UNDEFED   __c_args__                               

[75 symbols]
