******************************************************************************
             TMS320C2000 Linker PC v22.6.1                     
******************************************************************************
>> Linked Tue Jun  2 15:26:49 2026

OUTPUT FILE NAME:   <SPWM_EPWM_F.out>
ENTRY POINT SYMBOL: "code_start"  address: 00000000


MEMORY CONFIGURATION

         name            origin    length      used     unused   attr    fill
----------------------  --------  ---------  --------  --------  ----  --------
PAGE 0:
  BEGIN                 00000000   00000002  00000002  00000000  RWIX
  RAMM0                 00000123   000002dd  0000001a  000002c3  RWIX
  RAMLS0                00008000   00000800  00000800  00000000  RWIX
  RAMLS1                00008800   00000800  000001bf  00000641  RWIX
  RAMLS2                00009000   00000800  00000000  00000800  RWIX
  RAMLS3                00009800   00000800  00000000  00000800  RWIX
  RAMLS4                0000a000   00000800  00000000  00000800  RWIX
  RAMD0                 0000b000   00000800  000007ff  00000001  RWIX
  FLASHA                00080002   00001ffe  00000000  00001ffe  RWIX
  FLASHB                00082000   00002000  00000000  00002000  RWIX
  FLASHC                00084000   00002000  00000000  00002000  RWIX
  FLASHD                00086000   00002000  00000000  00002000  RWIX
  FLASHE                00088000   00008000  00000000  00008000  RWIX
  FLASHF                00090000   00008000  00000000  00008000  RWIX
  FLASHG                00098000   00008000  00000000  00008000  RWIX
  FLASHH                000a0000   00008000  00000000  00008000  RWIX
  FLASHI                000a8000   00008000  00000000  00008000  RWIX
  FLASHJ                000b0000   00008000  00000000  00008000  RWIX
  FLASHK                000b8000   00002000  00000000  00002000  RWIX
  FLASHL                000ba000   00002000  00000000  00002000  RWIX
  FLASHM                000bc000   00002000  00000000  00002000  RWIX
  FLASHN                000be000   00001ff0  00000000  00001ff0  RWIX
  RESET                 003fffc0   00000002  00000000  00000002  RWIX

PAGE 1:
  BOOT_RSVD             00000002   00000121  00000000  00000121  RWIX
  RAMM1                 00000400   000003f8  00000100  000002f8  RWIX
  RAMLS5                0000a800   00000800  00000235  000005cb  RWIX
  RAMD1                 0000b800   00000800  00000000  00000800  RWIX
  RAMGS0                0000c000   00001000  00000000  00001000  RWIX
  RAMGS1                0000d000   00001000  00000000  00001000  RWIX
  RAMGS2                0000e000   00001000  00000000  00001000  RWIX
  RAMGS3                0000f000   00001000  00000000  00001000  RWIX
  RAMGS4                00010000   00001000  00000000  00001000  RWIX
  RAMGS5                00011000   00001000  00000000  00001000  RWIX
  RAMGS6                00012000   00001000  00000000  00001000  RWIX
  RAMGS7                00013000   00001000  00000000  00001000  RWIX
  RAMGS8                00014000   00001000  00000000  00001000  RWIX
  RAMGS9                00015000   00001000  00000000  00001000  RWIX
  RAMGS10               00016000   00001000  00000000  00001000  RWIX
  RAMGS11               00017000   00001000  00000000  00001000  RWIX
  RAMGS12               00018000   00001000  00000000  00001000  RWIX
  RAMGS13               00019000   00001000  00000000  00001000  RWIX
  RAMGS14               0001a000   00001000  00000000  00001000  RWIX
  RAMGS15               0001b000   00000ff8  00000000  00000ff8  RWIX
  CPU2TOCPU1RAM         0003f800   00000400  00000000  00000400  RWIX
  CPU1TOCPU2RAM         0003fc00   00000400  00000000  00000400  RWIX
  CANA_MSG_RAM          00049000   00000800  00000000  00000800  RWIX
  CANB_MSG_RAM          0004b000   00000800  00000000  00000800  RWIX


SECTION ALLOCATION MAP

 output                                  attributes/
section   page    origin      length       input sections
--------  ----  ----------  ----------   ----------------
codestart 
*          0    00000000    00000002     
                  00000000    00000002     F2837xD_CodeStartBranch.obj (codestart)

.cinit     0    00000128    00000016     
                  00000128    0000000e     (.cinit..data.load) [load image, compression = lzss]
                  00000136    00000004     (__TI_handler_table)
                  0000013a    00000004     (__TI_cinit_table)

.reset     0    003fffc0    00000000     DSECT

.stack     1    00000400    00000100     UNINITIALIZED
                  00000400    00000100     --HOLE--

.init_array 
*          0    00000123    00000000     UNINITIALIZED

.const     1    0000a800    0000021d     
                  0000a800    000000c2     driverlib_eabi.lib : sysctl.obj (.const:.string)
                  0000a8c2    000000bc                        : gpio.obj (.const:.string)
                  0000a97e    0000008b     SPWM_EPWM_F.obj (.const:.string)
                  0000aa09    00000001     --HOLE-- [fill = 0]
                  0000aa0a    00000013     device.obj (.const:.string)

.data      1    0000aa1e    00000018     UNINITIALIZED
                  0000aa1e    00000008     SPWM_EPWM_F.obj (.data)
                  0000aa26    00000006     device.obj (.data)
                  0000aa2c    00000006     rts2800_fpu32_eabi.lib : exit.c.obj (.data)
                  0000aa32    00000002                            : _lock.c.obj (.data:_lock)
                  0000aa34    00000002                            : _lock.c.obj (.data:_unlock)

.TI.ramfunc 
*          0    00000123    00000004     
                  00000123    00000004     driverlib_eabi.lib : sysctl.obj (.TI.ramfunc)

GETBUFFER 
*          0    0003f800    00000000     DSECT

GETWRITEIDX 
*          0    0003f800    00000000     DSECT

PUTREADIDX 
*          0    0003f800    00000000     DSECT

.text.1    0    00008000    00000800     
                  00008000    000003ff     device.obj (.text)
                  000083ff    00000090     driverlib_eabi.lib : sysctl.obj (.text:SysCtl_selectXTAL)
                  0000848f    00000088     rts2800_fpu32_eabi.lib : fs_div28.asm.obj (.text)
                  00008517    00000068     driverlib_eabi.lib : sysctl.obj (.text:SysCtl_getDeviceParametric)
                  0000857f    00000051                        : sysctl.obj (.text:SysCtl_getClock)
                  000085d0    00000048                        : sysctl.obj (.text:SysCtl_selectOscSource)
                  00008618    0000003d                        : interrupt.obj (.text:Interrupt_initModule)
                  00008655    00000037                        : gpio.obj (.text:GPIO_setControllerCore)
                  0000868c    00000037                        : gpio.obj (.text:GPIO_setPinConfig)
                  000086c3    00000037                        : gpio.obj (.text:GPIO_setQualificationMode)
                  000086fa    00000037                        : interrupt.obj (.text:Interrupt_enable)
                  00008731    00000031                        : gpio.obj (.text:GPIO_setDirectionMode)
                  00008762    00000030     rts2800_fpu32_eabi.lib : copy_decompress_lzss.c.obj (.text:decompress:lzss)
                  00008792    0000002b                            : autoinit.c.obj (.text:__TI_auto_init_nobinit_nopinit)
                  000087bd    00000029                            : exit.c.obj (.text)
                  000087e6    0000001a     driverlib_eabi.lib : sysctl.obj (.text:CPUTimer_startTimer)

.text.2    0    00008800    000001bf     
                  00008800    00000028     driverlib_eabi.lib : sysctl.obj (.text:CPUTimer_selectClockSource)
                  00008828    0000001f                        : sysctl.obj (.text:CPUTimer_getTimerOverflowStatus)
                  00008847    0000001e                        : interrupt.obj (.text:Interrupt_initVectorTable)
                  00008865    0000001d     rts2800_fpu32_eabi.lib : memcpy.c.obj (.text)
                  00008882    0000001a     driverlib_eabi.lib : sysctl.obj (.text:SysCtl_getLowSpeedClock)
                  0000889c    00000017                        : sysctl.obj (.text:CPUTimer_isBaseValid)
                  000088b3    00000017     rts2800_fpu32_eabi.lib : boot28.asm.obj (.text)
                  000088ca    00000016     driverlib_eabi.lib : interrupt.obj (.text:Interrupt_defaultHandler)
                  000088e0    00000014                        : sysctl.obj (.text:CPUTimer_stopTimer)
                  000088f4    00000012                        : sysctl.obj (.text:CPUTimer_clearOverflowFlag)
                  00008906    00000012                        : sysctl.obj (.text:CPUTimer_disableInterrupt)
                  00008918    00000011                        : sysctl.obj (.text:CPUTimer_setPeriod)
                  00008929    0000000f                        : sysctl.obj (.text:SysCtl_pollCpuTimer)
                  00008938    0000000e                        : gpio.obj (.text:GPIO_isPinValid)
                  00008946    0000000d                        : interrupt.obj (.text:Interrupt_disableGlobal)
                  00008953    0000000d                        : interrupt.obj (.text:Interrupt_enableGlobal)
                  00008960    0000000c     rts2800_fpu32_eabi.lib : args_main.c.obj (.text)
                  0000896c    0000000b     driverlib_eabi.lib : sysctl.obj (.text:SysCtl_isMCDClockFailureDetected)
                  00008977    0000000b     SPWM_EPWM_F.obj (.text:__relaxed_sinf)
                  00008982    0000000a     driverlib_eabi.lib : interrupt.obj (.text:Interrupt_illegalOperationHandler)
                  0000898c    0000000a                        : interrupt.obj (.text:Interrupt_nmiHandler)
                  00008996    00000009                        : sysctl.obj (.text:SysCtl_serviceWatchdog)
                  0000899f    00000009     rts2800_fpu32_eabi.lib : _lock.c.obj (.text)
                  000089a8    00000008     F2837xD_CodeStartBranch.obj (.text)
                  000089b0    00000008     rts2800_fpu32_eabi.lib : copy_decompress_none.c.obj (.text:decompress:none)
                  000089b8    00000007     driverlib_eabi.lib : sysctl.obj (.text:SysCtl_resetMCD)

.text.3    0    0000b000    000007ff     
                  0000b000    00000496     SPWM_EPWM_F.obj (.text)
                  0000b496    00000209     driverlib_eabi.lib : sysctl.obj (.text:SysCtl_setClock)
                  0000b69f    0000010b     SPWM_EPWM_F.obj (.text:retain)
                  0000b7aa    00000052     driverlib_eabi.lib : gpio.obj (.text:GPIO_setPadConfig)
                  0000b7fc    00000002     rts2800_fpu32_eabi.lib : pre_init.c.obj (.text)
                  0000b7fe    00000001                            : startup.c.obj (.text)

MODULE SUMMARY

       Module                        code   ro data   rw data
       ------                        ----   -------   -------
    .\
       SPWM_EPWM_F.obj               1452   139       8      
    +--+-----------------------------+------+---------+---------+
       Total:                        1452   139       8      
                                                             
    .\device\
       device.obj                    1023   19        6      
       F2837xD_CodeStartBranch.obj   10     0         0      
    +--+-----------------------------+------+---------+---------+
       Total:                        1033   19        6      
                                                             
    C:\ti\c2000\C2000Ware_26_00_00_00\driverlib\f2837xd\driverlib\ccs\Debug\driverlib_eabi.lib
       sysctl.obj                    1187   194       0      
       gpio.obj                      310    188       0      
       interrupt.obj                 214    0         0      
    +--+-----------------------------+------+---------+---------+
       Total:                        1711   382       0      
                                                             
    C:\ti\ccs1281\ccs\tools\compiler\ti-cgt-c2000_22.6.1.LTS\lib\rts2800_fpu32_eabi.lib
       fs_div28.asm.obj              136    0         0      
       copy_decompress_lzss.c.obj    48     0         0      
       exit.c.obj                    41     0         6      
       autoinit.c.obj                43     0         0      
       memcpy.c.obj                  29     0         0      
       boot28.asm.obj                23     0         0      
       _lock.c.obj                   9      0         4      
       args_main.c.obj               12     0         0      
       copy_decompress_none.c.obj    8      0         0      
       pre_init.c.obj                2      0         0      
       startup.c.obj                 1      0         0      
    +--+-----------------------------+------+---------+---------+
       Total:                        352    0         10     
                                                             
       Stack:                        0      0         256    
       Linker Generated:             0      22        0      
    +--+-----------------------------+------+---------+---------+
       Grand Total:                  4548   562       280    


LINKER GENERATED COPY TABLES

__TI_cinit_table @ 0000013a records: 1, size/record: 4, table size: 4
	.data: load addr=00000128, load size=0000000e bytes, run addr=0000aa1e, run size=00000018 bytes, compression=lzss


LINKER GENERATED HANDLER TABLE

__TI_handler_table @ 00000136 records: 2, size/record: 2, table size: 4
	index: 0, handler: __TI_decompress_lzss
	index: 1, handler: __TI_decompress_none


GLOBAL DATA SYMBOLS: SORTED BY DATA PAGE

address     data page           name
--------    ----------------    ----
00000400      10 (00000400)     __stack

0000aa1e     2a8 (0000aa00)     periodo_meio
0000aa20     2a8 (0000aa00)     freq_moduladora
0000aa22     2a8 (0000aa00)     indice_modulacao
0000aa24     2a8 (0000aa00)     theta
0000aa26     2a8 (0000aa00)     Example_Result
0000aa28     2a8 (0000aa00)     Example_PassCount
0000aa2a     2a8 (0000aa00)     Example_Fail
0000aa2c     2a8 (0000aa00)     __TI_enable_exit_profile_output
0000aa2e     2a8 (0000aa00)     __TI_cleanup_ptr
0000aa30     2a8 (0000aa00)     __TI_dtors_ptr
0000aa32     2a8 (0000aa00)     _lock
0000aa34     2a8 (0000aa00)     _unlock


GLOBAL SYMBOLS: SORTED ALPHABETICALLY BY Name 

page  address   name                                     
----  -------   ----                                     
0     000087bd  C$$EXIT                                  
0     0000b433  ConfiguraBaseEPWM                        
0     0000b46e  ConfiguraSinaisComplementares            
0     00008273  Device_bootCPU2                          
0     00008242  Device_configureTMXAnalogTrim            
0     000080f0  Device_enableAllPeripherals              
0     0000822c  Device_enableUnbondedGPIOPullups         
0     0000820f  Device_enableUnbondedGPIOPullupsFor100Pin
0     000081fc  Device_enableUnbondedGPIOPullupsFor176Pin
0     000080ae  Device_init                              
0     000081db  Device_initGPIO                          
1     0000aa2a  Example_Fail                             
1     0000aa28  Example_PassCount                        
1     0000aa26  Example_Result                           
0     000083fe  Example_done                             
0     000083f9  Example_setResultFail                    
0     000083f4  Example_setResultPass                    
0     00008655  GPIO_setControllerCore                   
0     00008731  GPIO_setDirectionMode                    
0     0000b7aa  GPIO_setPadConfig                        
0     0000868c  GPIO_setPinConfig                        
0     000086c3  GPIO_setQualificationMode                
0     000088ca  Interrupt_defaultHandler                 
0     000086fa  Interrupt_enable                         
0     00008982  Interrupt_illegalOperationHandler        
0     00008618  Interrupt_initModule                     
0     00008847  Interrupt_initVectorTable                
0     0000898c  Interrupt_nmiHandler                     
0     00000123  SysCtl_delay                             
0     0000857f  SysCtl_getClock                          
0     00008517  SysCtl_getDeviceParametric               
0     00008882  SysCtl_getLowSpeedClock                  
0     000085d0  SysCtl_selectOscSource                   
0     000083ff  SysCtl_selectXTAL                        
0     0000b496  SysCtl_setClock                          
0     0000013a  __TI_CINIT_Base                          
0     0000013e  __TI_CINIT_Limit                         
0     0000013e  __TI_CINIT_Warm                          
0     00000136  __TI_Handler_Table_Base                  
0     0000013a  __TI_Handler_Table_Limit                 
1     00000500  __TI_STACK_END                           
abs   00000100  __TI_STACK_SIZE                          
0     00008792  __TI_auto_init_nobinit_nopinit           
1     0000aa2e  __TI_cleanup_ptr                         
0     00008762  __TI_decompress_lzss                     
0     000089b0  __TI_decompress_none                     
1     0000aa30  __TI_dtors_ptr                           
1     0000aa2c  __TI_enable_exit_profile_output          
abs   ffffffff  __TI_pprof_out_hndl                      
abs   ffffffff  __TI_prof_data_size                      
abs   ffffffff  __TI_prof_data_start                     
0     0000848f  __c28xabi_divf                           
n/a   UNDEFED   __c_args__                               
0     000083ed  __error__                                
0     00008977  __relaxed_sinf                           
1     00000400  __stack                                  
0     00008960  _args_main                               
0     000088b3  _c_int00                                 
1     0000aa32  _lock                                    
0     000089a7  _nop                                     
0     000089a3  _register_lock                           
0     0000899f  _register_unlock                         
0     0000b7fe  _system_post_cinit                       
0     0000b7fc  _system_pre_init                         
1     0000aa34  _unlock                                  
0     000087bd  abort                                    
0     00000000  code_start                               
0     0000b69f  epwm1ISR                                 
0     000087bf  exit                                     
1     0000aa20  freq_moduladora                          
1     0000aa22  indice_modulacao                         
0     0000b366  main                                     
0     00008865  memcpy                                   
1     0000aa1e  periodo_meio                             
1     0000aa24  theta                                    


GLOBAL SYMBOLS: SORTED BY Symbol Address 

page  address   name                                     
----  -------   ----                                     
0     00000000  code_start                               
0     00000123  SysCtl_delay                             
0     00000136  __TI_Handler_Table_Base                  
0     0000013a  __TI_CINIT_Base                          
0     0000013a  __TI_Handler_Table_Limit                 
0     0000013e  __TI_CINIT_Limit                         
0     0000013e  __TI_CINIT_Warm                          
0     000080ae  Device_init                              
0     000080f0  Device_enableAllPeripherals              
0     000081db  Device_initGPIO                          
0     000081fc  Device_enableUnbondedGPIOPullupsFor176Pin
0     0000820f  Device_enableUnbondedGPIOPullupsFor100Pin
0     0000822c  Device_enableUnbondedGPIOPullups         
0     00008242  Device_configureTMXAnalogTrim            
0     00008273  Device_bootCPU2                          
0     000083ed  __error__                                
0     000083f4  Example_setResultPass                    
0     000083f9  Example_setResultFail                    
0     000083fe  Example_done                             
0     000083ff  SysCtl_selectXTAL                        
0     0000848f  __c28xabi_divf                           
0     00008517  SysCtl_getDeviceParametric               
0     0000857f  SysCtl_getClock                          
0     000085d0  SysCtl_selectOscSource                   
0     00008618  Interrupt_initModule                     
0     00008655  GPIO_setControllerCore                   
0     0000868c  GPIO_setPinConfig                        
0     000086c3  GPIO_setQualificationMode                
0     000086fa  Interrupt_enable                         
0     00008731  GPIO_setDirectionMode                    
0     00008762  __TI_decompress_lzss                     
0     00008792  __TI_auto_init_nobinit_nopinit           
0     000087bd  C$$EXIT                                  
0     000087bd  abort                                    
0     000087bf  exit                                     
0     00008847  Interrupt_initVectorTable                
0     00008865  memcpy                                   
0     00008882  SysCtl_getLowSpeedClock                  
0     000088b3  _c_int00                                 
0     000088ca  Interrupt_defaultHandler                 
0     00008960  _args_main                               
0     00008977  __relaxed_sinf                           
0     00008982  Interrupt_illegalOperationHandler        
0     0000898c  Interrupt_nmiHandler                     
0     0000899f  _register_unlock                         
0     000089a3  _register_lock                           
0     000089a7  _nop                                     
0     000089b0  __TI_decompress_none                     
0     0000b366  main                                     
0     0000b433  ConfiguraBaseEPWM                        
0     0000b46e  ConfiguraSinaisComplementares            
0     0000b496  SysCtl_setClock                          
0     0000b69f  epwm1ISR                                 
0     0000b7aa  GPIO_setPadConfig                        
0     0000b7fc  _system_pre_init                         
0     0000b7fe  _system_post_cinit                       
1     00000400  __stack                                  
1     00000500  __TI_STACK_END                           
1     0000aa1e  periodo_meio                             
1     0000aa20  freq_moduladora                          
1     0000aa22  indice_modulacao                         
1     0000aa24  theta                                    
1     0000aa26  Example_Result                           
1     0000aa28  Example_PassCount                        
1     0000aa2a  Example_Fail                             
1     0000aa2c  __TI_enable_exit_profile_output          
1     0000aa2e  __TI_cleanup_ptr                         
1     0000aa30  __TI_dtors_ptr                           
1     0000aa32  _lock                                    
1     0000aa34  _unlock                                  
abs   00000100  __TI_STACK_SIZE                          
abs   ffffffff  __TI_pprof_out_hndl                      
abs   ffffffff  __TI_prof_data_size                      
abs   ffffffff  __TI_prof_data_start                     
n/a   UNDEFED   __c_args__                               

[75 symbols]
