******************************************************************************
             TMS320C2000 Linker PC v22.6.1                     
******************************************************************************
>> Linked Fri Apr  3 15:25:01 2026

OUTPUT FILE NAME:   <adc_soc_dma_dac.out>
ENTRY POINT SYMBOL: "code_start"  address: 00000000


MEMORY CONFIGURATION

         name            origin    length      used     unused   attr    fill
----------------------  --------  ---------  --------  --------  ----  --------
PAGE 0:
  BEGIN                 00000000   00000002  00000002  00000000  RWIX
  RAMM0                 00000123   000002dd  00000059  00000284  RWIX
  RAMLS0                00008000   00000800  00000800  00000000  RWIX
  RAMLS1                00008800   00000800  000001a7  00000659  RWIX
  RAMLS2                00009000   00000800  00000000  00000800  RWIX
  RAMLS3                00009800   00000800  00000000  00000800  RWIX
  RAMLS4                0000a000   00000800  00000000  00000800  RWIX
  RAMD0                 0000b000   00000800  000007fd  00000003  RWIX
  FLASHA                00080002   00001ffe  00000000  00001ffe  RWIX
  FLASHB                00082000   00002000  00000000  00002000  RWIX
  FLASHC                00084000   00002000  00000000  00002000  RWIX
  FLASHD                00086000   00002000  00000000  00002000  RWIX
  FLASHE                00088000   00008000  00000000  00008000  RWIX
  FLASHF                00090000   00008000  00000000  00008000  RWIX
  FLASHG                00098000   00008000  00000000  00008000  RWIX
  FLASHH                000a0000   00008000  00000000  00008000  RWIX
  FLASHI                000a8000   00008000  00000000  00008000  RWIX
  FLASHJ                000b0000   00008000  00000000  00008000  RWIX
  FLASHK                000b8000   00002000  00000000  00002000  RWIX
  FLASHL                000ba000   00002000  00000000  00002000  RWIX
  FLASHM                000bc000   00002000  00000000  00002000  RWIX
  FLASHN                000be000   00001ff0  00000000  00001ff0  RWIX
  RESET                 003fffc0   00000002  00000000  00000002  RWIX

PAGE 1:
  BOOT_RSVD             00000002   00000121  00000000  00000121  RWIX
  RAMM1                 00000400   000003f8  00000100  000002f8  RWIX
  RAMLS5                0000a800   00000800  000002cb  00000535  RWIX
  RAMD1                 0000b800   00000800  00000000  00000800  RWIX
  RAMGS0                0000c000   00001000  00000000  00001000  RWIX
  RAMGS1                0000d000   00001000  00000000  00001000  RWIX
  RAMGS2                0000e000   00001000  00000000  00001000  RWIX
  RAMGS3                0000f000   00001000  00000000  00001000  RWIX
  RAMGS4                00010000   00001000  00000000  00001000  RWIX
  RAMGS5                00011000   00001000  00000000  00001000  RWIX
  RAMGS6                00012000   00001000  00000000  00001000  RWIX
  RAMGS7                00013000   00001000  00000000  00001000  RWIX
  RAMGS8                00014000   00001000  00000000  00001000  RWIX
  RAMGS9                00015000   00001000  00000000  00001000  RWIX
  RAMGS10               00016000   00001000  00000000  00001000  RWIX
  RAMGS11               00017000   00001000  00000000  00001000  RWIX
  RAMGS12               00018000   00001000  00000000  00001000  RWIX
  RAMGS13               00019000   00001000  00000000  00001000  RWIX
  RAMGS14               0001a000   00001000  00000000  00001000  RWIX
  RAMGS15               0001b000   00000ff8  00000000  00000ff8  RWIX
  CPU2TOCPU1RAM         0003f800   00000400  00000000  00000400  RWIX
  CPU1TOCPU2RAM         0003fc00   00000400  00000000  00000400  RWIX
  CANA_MSG_RAM          00049000   00000800  00000000  00000800  RWIX
  CANB_MSG_RAM          0004b000   00000800  00000000  00000800  RWIX


SECTION ALLOCATION MAP

 output                                  attributes/
section   page    origin      length       input sections
--------  ----  ----------  ----------   ----------------
codestart 
*          0    00000000    00000002     
                  00000000    00000002     F2837xD_CodeStartBranch.obj (codestart)

.cinit     0    0000016a    00000012     
                  0000016a    0000000a     (.cinit..data.load) [load image, compression = lzss]
                  00000174    00000004     (__TI_handler_table)
                  00000178    00000004     (__TI_cinit_table)

.reset     0    003fffc0    00000000     DSECT

.stack     1    00000400    00000100     UNINITIALIZED
                  00000400    00000100     --HOLE--

.init_array 
*          0    00000123    00000000     UNINITIALIZED

.const     1    0000a800    000002bb     
                  0000a800    000000cc     adc_soc_dma_dac.obj (.const:.string)
                  0000a8cc    000000c2     driverlib_eabi.lib : sysctl.obj (.const:.string)
                  0000a98e    000000bc                        : gpio.obj (.const:.string)
                  0000aa4a    0000005d                        : adc.obj (.const:.string)
                  0000aaa7    00000001     --HOLE-- [fill = 0]
                  0000aaa8    00000013     device.obj (.const:.string)

.data      1    0000aabc    00000010     UNINITIALIZED
                  0000aabc    00000002     rts2800_fpu32_eabi.lib : _lock.c.obj (.data:_lock)
                  0000aabe    00000002                            : _lock.c.obj (.data:_unlock)
                  0000aac0    00000006     device.obj (.data)
                  0000aac6    00000006     rts2800_fpu32_eabi.lib : exit.c.obj (.data)

.TI.ramfunc 
*          0    00000123    00000047     
                  00000123    00000043     adc_soc_dma_dac.obj (.TI.ramfunc:retain)
                  00000166    00000004     driverlib_eabi.lib : sysctl.obj (.TI.ramfunc)

GETBUFFER 
*          0    0003f800    00000000     DSECT

GETWRITEIDX 
*          0    0003f800    00000000     DSECT

PUTREADIDX 
*          0    0003f800    00000000     DSECT

.text.1    0    00008000    00000800     
                  00008000    000003ff     device.obj (.text)
                  000083ff    0000006f     driverlib_eabi.lib : adc.obj (.text:ADC_setINLTrim)
                  0000846e    00000068                        : sysctl.obj (.text:SysCtl_getDeviceParametric)
                  000084d6    00000052                        : gpio.obj (.text:GPIO_setPadConfig)
                  00008528    00000051                        : sysctl.obj (.text:SysCtl_getClock)
                  00008579    00000048                        : sysctl.obj (.text:SysCtl_selectOscSource)
                  000085c1    0000003d                        : interrupt.obj (.text:Interrupt_initModule)
                  000085fe    00000037                        : gpio.obj (.text:GPIO_setControllerCore)
                  00008635    00000037                        : gpio.obj (.text:GPIO_setPinConfig)
                  0000866c    00000037                        : gpio.obj (.text:GPIO_setQualificationMode)
                  000086a3    00000037                        : interrupt.obj (.text:Interrupt_enable)
                  000086da    00000031                        : gpio.obj (.text:GPIO_setDirectionMode)
                  0000870b    00000030     rts2800_fpu32_eabi.lib : copy_decompress_lzss.c.obj (.text:decompress:lzss)
                  0000873b    0000002f     driverlib_eabi.lib : adc.obj (.text:ADC_setMode)
                  0000876a    0000002b     rts2800_fpu32_eabi.lib : autoinit.c.obj (.text:__TI_auto_init_nobinit_nopinit)
                  00008795    00000029                            : exit.c.obj (.text)
                  000087be    00000028     driverlib_eabi.lib : sysctl.obj (.text:CPUTimer_selectClockSource)
                  000087e6    0000001a                        : sysctl.obj (.text:CPUTimer_startTimer)

.text.2    0    00008800    000001a7     
                  00008800    0000001f     driverlib_eabi.lib : sysctl.obj (.text:CPUTimer_getTimerOverflowStatus)
                  0000881f    0000001e                        : interrupt.obj (.text:Interrupt_initVectorTable)
                  0000883d    0000001d     rts2800_fpu32_eabi.lib : memcpy.c.obj (.text)
                  0000885a    0000001b     driverlib_eabi.lib : adc.obj (.text:ADC_isBaseValid)
                  00008875    0000001a                        : sysctl.obj (.text:SysCtl_getLowSpeedClock)
                  0000888f    00000017                        : sysctl.obj (.text:CPUTimer_isBaseValid)
                  000088a6    00000017     rts2800_fpu32_eabi.lib : boot28.asm.obj (.text)
                  000088bd    00000016     driverlib_eabi.lib : interrupt.obj (.text:Interrupt_defaultHandler)
                  000088d3    00000014                        : sysctl.obj (.text:CPUTimer_stopTimer)
                  000088e7    00000012                        : sysctl.obj (.text:CPUTimer_clearOverflowFlag)
                  000088f9    00000012                        : sysctl.obj (.text:CPUTimer_disableInterrupt)
                  0000890b    00000011                        : sysctl.obj (.text:CPUTimer_setPeriod)
                  0000891c    0000000f                        : sysctl.obj (.text:SysCtl_pollCpuTimer)
                  0000892b    0000000e                        : gpio.obj (.text:GPIO_isPinValid)
                  00008939    0000000d                        : interrupt.obj (.text:Interrupt_disableGlobal)
                  00008946    0000000d                        : interrupt.obj (.text:Interrupt_enableGlobal)
                  00008953    0000000c     rts2800_fpu32_eabi.lib : args_main.c.obj (.text)
                  0000895f    0000000b     driverlib_eabi.lib : sysctl.obj (.text:SysCtl_isMCDClockFailureDetected)
                  0000896a    0000000a                        : interrupt.obj (.text:Interrupt_illegalOperationHandler)
                  00008974    0000000a                        : interrupt.obj (.text:Interrupt_nmiHandler)
                  0000897e    00000009                        : sysctl.obj (.text:SysCtl_serviceWatchdog)
                  00008987    00000009     rts2800_fpu32_eabi.lib : _lock.c.obj (.text)
                  00008990    00000008     F2837xD_CodeStartBranch.obj (.text)
                  00008998    00000008     rts2800_fpu32_eabi.lib : copy_decompress_none.c.obj (.text:decompress:none)
                  000089a0    00000007     driverlib_eabi.lib : sysctl.obj (.text:SysCtl_resetMCD)

.text.3    0    0000b000    000007fd     
                  0000b000    00000479     adc_soc_dma_dac.obj (.text)
                  0000b479    00000209     driverlib_eabi.lib : sysctl.obj (.text:SysCtl_setClock)
                  0000b682    00000090                        : sysctl.obj (.text:SysCtl_selectXTAL)
                  0000b712    00000088     rts2800_fpu32_eabi.lib : fs_div28.asm.obj (.text)
                  0000b79a    00000060     driverlib_eabi.lib : adc.obj (.text:ADC_setOffsetTrim)
                  0000b7fa    00000002     rts2800_fpu32_eabi.lib : pre_init.c.obj (.text)
                  0000b7fc    00000001                            : startup.c.obj (.text)

MODULE SUMMARY

       Module                        code   ro data   rw data
       ------                        ----   -------   -------
    .\
       adc_soc_dma_dac.obj           1212   204       0      
    +--+-----------------------------+------+---------+---------+
       Total:                        1212   204       0      
                                                             
    .\device\
       device.obj                    1023   19        6      
       F2837xD_CodeStartBranch.obj   10     0         0      
    +--+-----------------------------+------+---------+---------+
       Total:                        1033   19        6      
                                                             
    C:\ti\c2000\C2000Ware_5_04_00_00\driverlib\f2837xd\driverlib\ccs\Debug\driverlib_eabi.lib
       sysctl.obj                    1187   194       0      
       gpio.obj                      310    188       0      
       adc.obj                       281    93        0      
       interrupt.obj                 214    0         0      
    +--+-----------------------------+------+---------+---------+
       Total:                        1992   475       0      
                                                             
    C:\ti\ccs1281\ccs\tools\compiler\ti-cgt-c2000_22.6.1.LTS\lib\rts2800_fpu32_eabi.lib
       fs_div28.asm.obj              136    0         0      
       copy_decompress_lzss.c.obj    48     0         0      
       exit.c.obj                    41     0         6      
       autoinit.c.obj                43     0         0      
       memcpy.c.obj                  29     0         0      
       boot28.asm.obj                23     0         0      
       _lock.c.obj                   9      0         4      
       args_main.c.obj               12     0         0      
       copy_decompress_none.c.obj    8      0         0      
       pre_init.c.obj                2      0         0      
       startup.c.obj                 1      0         0      
    +--+-----------------------------+------+---------+---------+
       Total:                        352    0         10     
                                                             
       Stack:                        0      0         256    
       Linker Generated:             0      18        0      
    +--+-----------------------------+------+---------+---------+
       Grand Total:                  4589   716       272    


LINKER GENERATED COPY TABLES

__TI_cinit_table @ 00000178 records: 1, size/record: 4, table size: 4
	.data: load addr=0000016a, load size=0000000a bytes, run addr=0000aabc, run size=00000010 bytes, compression=lzss


LINKER GENERATED HANDLER TABLE

__TI_handler_table @ 00000174 records: 2, size/record: 2, table size: 4
	index: 0, handler: __TI_decompress_lzss
	index: 1, handler: __TI_decompress_none


GLOBAL DATA SYMBOLS: SORTED BY DATA PAGE

address     data page           name
--------    ----------------    ----
00000400      10 (00000400)     __stack

0000aabc     2aa (0000aa80)     _lock
0000aabe     2aa (0000aa80)     _unlock

0000aac0     2ab (0000aac0)     Example_Result
0000aac2     2ab (0000aac0)     Example_PassCount
0000aac4     2ab (0000aac0)     Example_Fail
0000aac6     2ab (0000aac0)     __TI_enable_exit_profile_output
0000aac8     2ab (0000aac0)     __TI_cleanup_ptr
0000aaca     2ab (0000aac0)     __TI_dtors_ptr


GLOBAL SYMBOLS: SORTED ALPHABETICALLY BY Name 

page  address   name                                     
----  -------   ----                                     
0     000083ff  ADC_setINLTrim                           
0     0000873b  ADC_setMode                              
0     0000b79a  ADC_setOffsetTrim                        
0     00008795  C$$EXIT                                  
0     00008273  Device_bootCPU2                          
0     00008242  Device_configureTMXAnalogTrim            
0     000080f0  Device_enableAllPeripherals              
0     0000822c  Device_enableUnbondedGPIOPullups         
0     0000820f  Device_enableUnbondedGPIOPullupsFor100Pin
0     000081fc  Device_enableUnbondedGPIOPullupsFor176Pin
0     000080ae  Device_init                              
0     000081db  Device_initGPIO                          
1     0000aac4  Example_Fail                             
1     0000aac2  Example_PassCount                        
1     0000aac0  Example_Result                           
0     000083fe  Example_done                             
0     000083f9  Example_setResultFail                    
0     000083f4  Example_setResultPass                    
0     000085fe  GPIO_setControllerCore                   
0     000086da  GPIO_setDirectionMode                    
0     000084d6  GPIO_setPadConfig                        
0     00008635  GPIO_setPinConfig                        
0     0000866c  GPIO_setQualificationMode                
0     000088bd  Interrupt_defaultHandler                 
0     000086a3  Interrupt_enable                         
0     0000896a  Interrupt_illegalOperationHandler        
0     000085c1  Interrupt_initModule                     
0     0000881f  Interrupt_initVectorTable                
0     00008974  Interrupt_nmiHandler                     
0     00000166  SysCtl_delay                             
0     00008528  SysCtl_getClock                          
0     0000846e  SysCtl_getDeviceParametric               
0     00008875  SysCtl_getLowSpeedClock                  
0     00008579  SysCtl_selectOscSource                   
0     0000b682  SysCtl_selectXTAL                        
0     0000b479  SysCtl_setClock                          
0     00000178  __TI_CINIT_Base                          
0     0000017c  __TI_CINIT_Limit                         
0     0000017c  __TI_CINIT_Warm                          
0     00000174  __TI_Handler_Table_Base                  
0     00000178  __TI_Handler_Table_Limit                 
1     00000500  __TI_STACK_END                           
abs   00000100  __TI_STACK_SIZE                          
0     0000876a  __TI_auto_init_nobinit_nopinit           
1     0000aac8  __TI_cleanup_ptr                         
0     0000870b  __TI_decompress_lzss                     
0     00008998  __TI_decompress_none                     
1     0000aaca  __TI_dtors_ptr                           
1     0000aac6  __TI_enable_exit_profile_output          
abs   ffffffff  __TI_pprof_out_hndl                      
abs   ffffffff  __TI_prof_data_size                      
abs   ffffffff  __TI_prof_data_start                     
0     0000b712  __c28xabi_divf                           
n/a   UNDEFED   __c_args__                               
0     000083ed  __error__                                
1     00000400  __stack                                  
0     00008953  _args_main                               
0     000088a6  _c_int00                                 
1     0000aabc  _lock                                    
0     0000898f  _nop                                     
0     0000898b  _register_lock                           
0     00008987  _register_unlock                         
0     0000b7fc  _system_post_cinit                       
0     0000b7fa  _system_pre_init                         
1     0000aabe  _unlock                                  
0     00008795  abort                                    
0     00000123  adcA1ISR                                 
0     00000000  code_start                               
0     0000b442  configureADC                             
0     0000b3fb  configureDAC                             
0     0000b41a  configureEPWM                            
0     0000b3ee  configureGPIO                            
0     00008797  exit                                     
0     0000b3a6  main                                     
0     0000883d  memcpy                                   
0     0000b45a  setupADCSingleTarget                     


GLOBAL SYMBOLS: SORTED BY Symbol Address 

page  address   name                                     
----  -------   ----                                     
0     00000000  code_start                               
0     00000123  adcA1ISR                                 
0     00000166  SysCtl_delay                             
0     00000174  __TI_Handler_Table_Base                  
0     00000178  __TI_CINIT_Base                          
0     00000178  __TI_Handler_Table_Limit                 
0     0000017c  __TI_CINIT_Limit                         
0     0000017c  __TI_CINIT_Warm                          
0     000080ae  Device_init                              
0     000080f0  Device_enableAllPeripherals              
0     000081db  Device_initGPIO                          
0     000081fc  Device_enableUnbondedGPIOPullupsFor176Pin
0     0000820f  Device_enableUnbondedGPIOPullupsFor100Pin
0     0000822c  Device_enableUnbondedGPIOPullups         
0     00008242  Device_configureTMXAnalogTrim            
0     00008273  Device_bootCPU2                          
0     000083ed  __error__                                
0     000083f4  Example_setResultPass                    
0     000083f9  Example_setResultFail                    
0     000083fe  Example_done                             
0     000083ff  ADC_setINLTrim                           
0     0000846e  SysCtl_getDeviceParametric               
0     000084d6  GPIO_setPadConfig                        
0     00008528  SysCtl_getClock                          
0     00008579  SysCtl_selectOscSource                   
0     000085c1  Interrupt_initModule                     
0     000085fe  GPIO_setControllerCore                   
0     00008635  GPIO_setPinConfig                        
0     0000866c  GPIO_setQualificationMode                
0     000086a3  Interrupt_enable                         
0     000086da  GPIO_setDirectionMode                    
0     0000870b  __TI_decompress_lzss                     
0     0000873b  ADC_setMode                              
0     0000876a  __TI_auto_init_nobinit_nopinit           
0     00008795  C$$EXIT                                  
0     00008795  abort                                    
0     00008797  exit                                     
0     0000881f  Interrupt_initVectorTable                
0     0000883d  memcpy                                   
0     00008875  SysCtl_getLowSpeedClock                  
0     000088a6  _c_int00                                 
0     000088bd  Interrupt_defaultHandler                 
0     00008953  _args_main                               
0     0000896a  Interrupt_illegalOperationHandler        
0     00008974  Interrupt_nmiHandler                     
0     00008987  _register_unlock                         
0     0000898b  _register_lock                           
0     0000898f  _nop                                     
0     00008998  __TI_decompress_none                     
0     0000b3a6  main                                     
0     0000b3ee  configureGPIO                            
0     0000b3fb  configureDAC                             
0     0000b41a  configureEPWM                            
0     0000b442  configureADC                             
0     0000b45a  setupADCSingleTarget                     
0     0000b479  SysCtl_setClock                          
0     0000b682  SysCtl_selectXTAL                        
0     0000b712  __c28xabi_divf                           
0     0000b79a  ADC_setOffsetTrim                        
0     0000b7fa  _system_pre_init                         
0     0000b7fc  _system_post_cinit                       
1     00000400  __stack                                  
1     00000500  __TI_STACK_END                           
1     0000aabc  _lock                                    
1     0000aabe  _unlock                                  
1     0000aac0  Example_Result                           
1     0000aac2  Example_PassCount                        
1     0000aac4  Example_Fail                             
1     0000aac6  __TI_enable_exit_profile_output          
1     0000aac8  __TI_cleanup_ptr                         
1     0000aaca  __TI_dtors_ptr                           
abs   00000100  __TI_STACK_SIZE                          
abs   ffffffff  __TI_pprof_out_hndl                      
abs   ffffffff  __TI_prof_data_size                      
abs   ffffffff  __TI_prof_data_start                     
n/a   UNDEFED   __c_args__                               

[76 symbols]
