******************************************************************************
             TMS320C2000 Linker PC v22.6.1                     
******************************************************************************
>> Linked Thu Jun 18 10:16:33 2026

OUTPUT FILE NAME:   <braco.out>
ENTRY POINT SYMBOL: "code_start"  address: 00000000


MEMORY CONFIGURATION

         name            origin    length      used     unused   attr    fill
----------------------  --------  ---------  --------  --------  ----  --------
PAGE 0:
  BEGIN                 00000000   00000002  00000002  00000000  RWIX
  RAMM0                 00000123   000002dd  00000077  00000266  RWIX
  RAMLS0                00008000   00000800  00000800  00000000  RWIX
  RAMLS1                00008800   00000800  0000063a  000001c6  RWIX
  RAMLS2                00009000   00000800  00000000  00000800  RWIX
  RAMLS3                00009800   00000800  00000000  00000800  RWIX
  RAMLS4                0000a000   00000800  00000000  00000800  RWIX
  RAMD0                 0000b000   00000800  00000800  00000000  RWIX
  FLASHA                00080002   00001ffe  00000000  00001ffe  RWIX
  FLASHB                00082000   00002000  00000000  00002000  RWIX
  FLASHC                00084000   00002000  00000000  00002000  RWIX
  FLASHD                00086000   00002000  00000000  00002000  RWIX
  FLASHE                00088000   00008000  00000000  00008000  RWIX
  FLASHF                00090000   00008000  00000000  00008000  RWIX
  FLASHG                00098000   00008000  00000000  00008000  RWIX
  FLASHH                000a0000   00008000  00000000  00008000  RWIX
  FLASHI                000a8000   00008000  00000000  00008000  RWIX
  FLASHJ                000b0000   00008000  00000000  00008000  RWIX
  FLASHK                000b8000   00002000  00000000  00002000  RWIX
  FLASHL                000ba000   00002000  00000000  00002000  RWIX
  FLASHM                000bc000   00002000  00000000  00002000  RWIX
  FLASHN                000be000   00001ff0  00000000  00001ff0  RWIX
  RESET                 003fffc0   00000002  00000000  00000002  RWIX

PAGE 1:
  BOOT_RSVD             00000002   00000121  00000000  00000121  RWIX
  RAMM1                 00000400   000003f8  00000100  000002f8  RWIX
  RAMLS5                0000a800   00000800  0000031b  000004e5  RWIX
  RAMD1                 0000b800   00000800  00000000  00000800  RWIX
  RAMGS0                0000c000   00001000  00000000  00001000  RWIX
  RAMGS1                0000d000   00001000  00000000  00001000  RWIX
  RAMGS2                0000e000   00001000  00000000  00001000  RWIX
  RAMGS3                0000f000   00001000  00000000  00001000  RWIX
  RAMGS4                00010000   00001000  00000000  00001000  RWIX
  RAMGS5                00011000   00001000  00000000  00001000  RWIX
  RAMGS6                00012000   00001000  00000000  00001000  RWIX
  RAMGS7                00013000   00001000  00000000  00001000  RWIX
  RAMGS8                00014000   00001000  00000000  00001000  RWIX
  RAMGS9                00015000   00001000  00000000  00001000  RWIX
  RAMGS10               00016000   00001000  00000000  00001000  RWIX
  RAMGS11               00017000   00001000  00000000  00001000  RWIX
  RAMGS12               00018000   00001000  00000000  00001000  RWIX
  RAMGS13               00019000   00001000  00000000  00001000  RWIX
  RAMGS14               0001a000   00001000  00000000  00001000  RWIX
  RAMGS15               0001b000   00000ff8  00000000  00000ff8  RWIX
  CPU2TOCPU1RAM         0003f800   00000400  00000000  00000400  RWIX
  CPU1TOCPU2RAM         0003fc00   00000400  00000000  00000400  RWIX
  CANA_MSG_RAM          00049000   00000800  00000000  00000800  RWIX
  CANB_MSG_RAM          0004b000   00000800  00000000  00000800  RWIX


SECTION ALLOCATION MAP

 output                                  attributes/
section   page    origin      length       input sections
--------  ----  ----------  ----------   ----------------
codestart 
*          0    00000000    00000002     
                  00000000    00000002     F2837xD_CodeStartBranch.obj (codestart)

.bss       1    00000000    00000bb8     FAILED TO ALLOCATE
.cinit     0    0000017a    00000020     
                  0000017a    0000000d     (.cinit..data.load) [load image, compression = lzss]
                  00000187    00000001     --HOLE-- [fill = 0]
                  00000188    00000006     (__TI_handler_table)
                  0000018e    00000004     (.cinit..bss.load) [load image, compression = zero_init]
                  00000192    00000008     (__TI_cinit_table)

.reset     0    003fffc0    00000000     DSECT

.stack     1    00000400    00000100     UNINITIALIZED
                  00000400    00000100     --HOLE--

.init_array 
*          0    00000123    00000000     UNINITIALIZED

.const     1    0000a800    00000303     
                  0000a800    00000113     braco_main.obj (.const:.string)
                  0000a913    00000001     --HOLE-- [fill = 0]
                  0000a914    000000c2     driverlib_eabi.lib : sysctl.obj (.const:.string)
                  0000a9d6    000000bc                        : gpio.obj (.const:.string)
                  0000aa92    0000005d                        : adc.obj (.const:.string)
                  0000aaef    00000001     --HOLE-- [fill = 0]
                  0000aaf0    00000013     device.obj (.const:.string)

.data      1    0000ab04    00000018     UNINITIALIZED
                  0000ab04    00000008     braco_main.obj (.data)
                  0000ab0c    00000006     device.obj (.data)
                  0000ab12    00000006     rts2800_fpu32_eabi.lib : exit.c.obj (.data)
                  0000ab18    00000002                            : _lock.c.obj (.data:_lock)
                  0000ab1a    00000002                            : _lock.c.obj (.data:_unlock)

.TI.ramfunc 
*          0    00000123    00000057     
                  00000123    00000053     braco_main.obj (.TI.ramfunc:retain)
                  00000176    00000004     driverlib_eabi.lib : sysctl.obj (.TI.ramfunc)

GETBUFFER 
*          0    0003f800    00000000     DSECT

GETWRITEIDX 
*          0    0003f800    00000000     DSECT

PUTREADIDX 
*          0    0003f800    00000000     DSECT

.text.1    0    00008000    00000800     
                  00008000    000003ff     device.obj (.text)
                  000083ff    00000209     driverlib_eabi.lib : sysctl.obj (.text:SysCtl_setClock)
                  00008608    000000c3     braco_main.obj (.text:retain)
                  000086cb    00000090     driverlib_eabi.lib : sysctl.obj (.text:SysCtl_selectXTAL)
                  0000875b    00000088     rts2800_fpu32_eabi.lib : fs_div28.asm.obj (.text)
                  000087e3    0000001d                            : memcpy.c.obj (.text)

.text.2    0    00008800    0000063a     
                  00008800    0000006f     driverlib_eabi.lib : adc.obj (.text:ADC_setINLTrim)
                  0000886f    00000068                        : sysctl.obj (.text:SysCtl_getDeviceParametric)
                  000088d7    00000066     rts2800_fpu32_eabi.lib : s_sinf.c.obj (.text)
                  0000893d    00000060     driverlib_eabi.lib : adc.obj (.text:ADC_setOffsetTrim)
                  0000899d    00000052                        : gpio.obj (.text:GPIO_setPadConfig)
                  000089ef    00000051                        : sysctl.obj (.text:SysCtl_getClock)
                  00008a40    00000048                        : sysctl.obj (.text:SysCtl_selectOscSource)
                  00008a88    0000003d                        : interrupt.obj (.text:Interrupt_initModule)
                  00008ac5    00000037                        : gpio.obj (.text:GPIO_setControllerCore)
                  00008afc    00000037                        : gpio.obj (.text:GPIO_setPinConfig)
                  00008b33    00000037                        : gpio.obj (.text:GPIO_setQualificationMode)
                  00008b6a    00000037                        : interrupt.obj (.text:Interrupt_enable)
                  00008ba1    00000031                        : gpio.obj (.text:GPIO_setDirectionMode)
                  00008bd2    00000030     rts2800_fpu32_eabi.lib : copy_decompress_lzss.c.obj (.text:decompress:lzss)
                  00008c02    0000002f     driverlib_eabi.lib : adc.obj (.text:ADC_setMode)
                  00008c31    0000002b     rts2800_fpu32_eabi.lib : autoinit.c.obj (.text:__TI_auto_init_nobinit_nopinit)
                  00008c5c    00000029                            : exit.c.obj (.text)
                  00008c85    00000028     driverlib_eabi.lib : sysctl.obj (.text:CPUTimer_selectClockSource)
                  00008cad    0000001e                        : interrupt.obj (.text:Interrupt_initVectorTable)
                  00008ccb    0000001b                        : adc.obj (.text:ADC_isBaseValid)
                  00008ce6    0000001a                        : sysctl.obj (.text:CPUTimer_startTimer)
                  00008d00    0000001a                        : sysctl.obj (.text:SysCtl_getLowSpeedClock)
                  00008d1a    00000017                        : sysctl.obj (.text:CPUTimer_isBaseValid)
                  00008d31    00000017     rts2800_fpu32_eabi.lib : boot28.asm.obj (.text)
                  00008d48    00000016     driverlib_eabi.lib : interrupt.obj (.text:Interrupt_defaultHandler)
                  00008d5e    00000014                        : sysctl.obj (.text:CPUTimer_stopTimer)
                  00008d72    00000012                        : sysctl.obj (.text:CPUTimer_clearOverflowFlag)
                  00008d84    00000012                        : sysctl.obj (.text:CPUTimer_disableInterrupt)
                  00008d96    00000011                        : sysctl.obj (.text:CPUTimer_setPeriod)
                  00008da7    0000000f                        : sysctl.obj (.text:SysCtl_pollCpuTimer)
                  00008db6    0000000e                        : gpio.obj (.text:GPIO_isPinValid)
                  00008dc4    0000000d                        : interrupt.obj (.text:Interrupt_disableGlobal)
                  00008dd1    0000000d                        : interrupt.obj (.text:Interrupt_enableGlobal)
                  00008dde    0000000c     rts2800_fpu32_eabi.lib : args_main.c.obj (.text)
                  00008dea    0000000b     driverlib_eabi.lib : sysctl.obj (.text:SysCtl_isMCDClockFailureDetected)
                  00008df5    0000000a                        : interrupt.obj (.text:Interrupt_illegalOperationHandler)
                  00008dff    0000000a                        : interrupt.obj (.text:Interrupt_nmiHandler)
                  00008e09    00000009                        : sysctl.obj (.text:SysCtl_serviceWatchdog)
                  00008e12    00000009     rts2800_fpu32_eabi.lib : _lock.c.obj (.text)
                  00008e1b    00000008                            : copy_decompress_none.c.obj (.text:decompress:none)
                  00008e23    00000007     driverlib_eabi.lib : sysctl.obj (.text:SysCtl_resetMCD)
                  00008e2a    00000007     rts2800_fpu32_eabi.lib : memset.c.obj (.text)
                  00008e31    00000006                            : copy_zero_init.c.obj (.text:decompress:ZI)
                  00008e37    00000002                            : pre_init.c.obj (.text)
                  00008e39    00000001                            : startup.c.obj (.text)

.text.3    0    0000b000    00000800     
                  0000b000    000007d9     braco_main.obj (.text)
                  0000b7d9    0000001f     driverlib_eabi.lib : sysctl.obj (.text:CPUTimer_getTimerOverflowStatus)
                  0000b7f8    00000008     F2837xD_CodeStartBranch.obj (.text)

MODULE SUMMARY

       Module                        code   ro data   rw data
       ------                        ----   -------   -------
    .\
       braco_main.obj                2287   275       8      
    +--+-----------------------------+------+---------+---------+
       Total:                        2287   275       8      
                                                             
    .\device\
       device.obj                    1023   19        6      
       F2837xD_CodeStartBranch.obj   10     0         0      
    +--+-----------------------------+------+---------+---------+
       Total:                        1033   19        6      
                                                             
    C:\ti\c2000\C2000Ware_26_00_00_00\driverlib\f2837xd\driverlib\ccs\Debug\driverlib_eabi.lib
       sysctl.obj                    1187   194       0      
       gpio.obj                      310    188       0      
       adc.obj                       281    93        0      
       interrupt.obj                 214    0         0      
    +--+-----------------------------+------+---------+---------+
       Total:                        1992   475       0      
                                                             
    C:\ti\ccs1281\ccs\tools\compiler\ti-cgt-c2000_22.6.1.LTS\lib\rts2800_fpu32_eabi.lib
       fs_div28.asm.obj              136    0         0      
       s_sinf.c.obj                  102    0         0      
       copy_decompress_lzss.c.obj    48     0         0      
       exit.c.obj                    41     0         6      
       autoinit.c.obj                43     0         0      
       memcpy.c.obj                  29     0         0      
       boot28.asm.obj                23     0         0      
       _lock.c.obj                   9      0         4      
       args_main.c.obj               12     0         0      
       copy_decompress_none.c.obj    8      0         0      
       memset.c.obj                  7      0         0      
       copy_zero_init.c.obj          6      0         0      
       pre_init.c.obj                2      0         0      
       startup.c.obj                 1      0         0      
    +--+-----------------------------+------+---------+---------+
       Total:                        467    0         10     
                                                             
       Stack:                        0      0         256    
       Linker Generated:             0      31        0      
    +--+-----------------------------+------+---------+---------+
       Grand Total:                  5779   800       280    


LINKER GENERATED COPY TABLES

__TI_cinit_table @ 00000192 records: 2, size/record: 4, table size: 8
	.data: load addr=0000017a, load size=0000000d bytes, run addr=0000ab04, run size=00000018 bytes, compression=lzss
	.bss: load addr=0000018e, load size=00000004 bytes, run addr=00000000, run size=00000bb8 bytes, compression=zero_init


LINKER GENERATED HANDLER TABLE

__TI_handler_table @ 00000188 records: 3, size/record: 2, table size: 6
	index: 0, handler: __TI_zero_init
	index: 1, handler: __TI_decompress_lzss
	index: 2, handler: __TI_decompress_none


GLOBAL DATA SYMBOLS: SORTED BY DATA PAGE

address     data page           name
--------    ----------------    ----
00000000       0 (00000000)     bufferADC

00000400      10 (00000400)     __stack

0000ab04     2ac (0000ab00)     periodo_meio
0000ab06     2ac (0000ab00)     freq_moduladora
0000ab08     2ac (0000ab00)     indice_modulacao
0000ab0a     2ac (0000ab00)     theta
0000ab0c     2ac (0000ab00)     Example_Result
0000ab0e     2ac (0000ab00)     Example_PassCount
0000ab10     2ac (0000ab00)     Example_Fail
0000ab12     2ac (0000ab00)     __TI_enable_exit_profile_output
0000ab14     2ac (0000ab00)     __TI_cleanup_ptr
0000ab16     2ac (0000ab00)     __TI_dtors_ptr
0000ab18     2ac (0000ab00)     _lock
0000ab1a     2ac (0000ab00)     _unlock


GLOBAL SYMBOLS: SORTED ALPHABETICALLY BY Name 

page  address   name                                     
----  -------   ----                                     
0     00008800  ADC_setINLTrim                           
0     00008c02  ADC_setMode                              
0     0000893d  ADC_setOffsetTrim                        
0     00008c5c  C$$EXIT                                  
0     0000b6eb  ConfiguraBaseEPWM                        
0     0000b726  ConfiguraSinaisComplementares            
0     00008273  Device_bootCPU2                          
0     00008242  Device_configureTMXAnalogTrim            
0     000080f0  Device_enableAllPeripherals              
0     0000822c  Device_enableUnbondedGPIOPullups         
0     0000820f  Device_enableUnbondedGPIOPullupsFor100Pin
0     000081fc  Device_enableUnbondedGPIOPullupsFor176Pin
0     000080ae  Device_init                              
0     000081db  Device_initGPIO                          
1     0000ab10  Example_Fail                             
1     0000ab0e  Example_PassCount                        
1     0000ab0c  Example_Result                           
0     000083fe  Example_done                             
0     000083f9  Example_setResultFail                    
0     000083f4  Example_setResultPass                    
0     00008ac5  GPIO_setControllerCore                   
0     00008ba1  GPIO_setDirectionMode                    
0     0000899d  GPIO_setPadConfig                        
0     00008afc  GPIO_setPinConfig                        
0     00008b33  GPIO_setQualificationMode                
0     00008d48  Interrupt_defaultHandler                 
0     00008b6a  Interrupt_enable                         
0     00008df5  Interrupt_illegalOperationHandler        
0     00008a88  Interrupt_initModule                     
0     00008cad  Interrupt_initVectorTable                
0     00008dff  Interrupt_nmiHandler                     
0     00000176  SysCtl_delay                             
0     000089ef  SysCtl_getClock                          
0     0000886f  SysCtl_getDeviceParametric               
0     00008d00  SysCtl_getLowSpeedClock                  
0     00008a40  SysCtl_selectOscSource                   
0     000086cb  SysCtl_selectXTAL                        
0     000083ff  SysCtl_setClock                          
0     00000192  __TI_CINIT_Base                          
0     0000019a  __TI_CINIT_Limit                         
0     0000019a  __TI_CINIT_Warm                          
0     00000188  __TI_Handler_Table_Base                  
0     0000018e  __TI_Handler_Table_Limit                 
1     00000500  __TI_STACK_END                           
abs   00000100  __TI_STACK_SIZE                          
0     00008c31  __TI_auto_init_nobinit_nopinit           
1     0000ab14  __TI_cleanup_ptr                         
0     00008bd2  __TI_decompress_lzss                     
0     00008e1b  __TI_decompress_none                     
1     0000ab16  __TI_dtors_ptr                           
1     0000ab12  __TI_enable_exit_profile_output          
abs   ffffffff  __TI_pprof_out_hndl                      
abs   ffffffff  __TI_prof_data_size                      
abs   ffffffff  __TI_prof_data_start                     
0     00008e31  __TI_zero_init                           
0     0000875b  __c28xabi_divf                           
n/a   UNDEFED   __c_args__                               
0     000083ed  __error__                                
1     00000400  __stack                                  
0     00008dde  _args_main                               
0     00008d31  _c_int00                                 
1     0000ab18  _lock                                    
0     00008e1a  _nop                                     
0     00008e16  _register_lock                           
0     00008e12  _register_unlock                         
0     00008e39  _system_post_cinit                       
0     00008e37  _system_pre_init                         
1     0000ab1a  _unlock                                  
0     00008c5c  abort                                    
0     00000123  adcA1ISR                                 
0     00000000  bufferADC                                
0     00000000  code_start                               
0     0000b7a2  configureADC                             
0     0000b75b  configureDAC                             
0     0000b77a  configureEPWM                            
0     0000b74e  configureGPIO                            
0     00008608  epwm1ISR                                 
0     00008c5e  exit                                     
1     0000ab06  freq_moduladora                          
1     0000ab08  indice_modulacao                         
0     0000b617  main                                     
0     000087e3  memcpy                                   
0     00008e2a  memset                                   
1     0000ab04  periodo_meio                             
0     0000b7ba  setupADCSingleTarget                     
0     000088d7  sinf                                     
1     0000ab0a  theta                                    


GLOBAL SYMBOLS: SORTED BY Symbol Address 

page  address   name                                     
----  -------   ----                                     
0     00000000  bufferADC                                
0     00000000  code_start                               
0     00000123  adcA1ISR                                 
0     00000176  SysCtl_delay                             
0     00000188  __TI_Handler_Table_Base                  
0     0000018e  __TI_Handler_Table_Limit                 
0     00000192  __TI_CINIT_Base                          
0     0000019a  __TI_CINIT_Limit                         
0     0000019a  __TI_CINIT_Warm                          
0     000080ae  Device_init                              
0     000080f0  Device_enableAllPeripherals              
0     000081db  Device_initGPIO                          
0     000081fc  Device_enableUnbondedGPIOPullupsFor176Pin
0     0000820f  Device_enableUnbondedGPIOPullupsFor100Pin
0     0000822c  Device_enableUnbondedGPIOPullups         
0     00008242  Device_configureTMXAnalogTrim            
0     00008273  Device_bootCPU2                          
0     000083ed  __error__                                
0     000083f4  Example_setResultPass                    
0     000083f9  Example_setResultFail                    
0     000083fe  Example_done                             
0     000083ff  SysCtl_setClock                          
0     00008608  epwm1ISR                                 
0     000086cb  SysCtl_selectXTAL                        
0     0000875b  __c28xabi_divf                           
0     000087e3  memcpy                                   
0     00008800  ADC_setINLTrim                           
0     0000886f  SysCtl_getDeviceParametric               
0     000088d7  sinf                                     
0     0000893d  ADC_setOffsetTrim                        
0     0000899d  GPIO_setPadConfig                        
0     000089ef  SysCtl_getClock                          
0     00008a40  SysCtl_selectOscSource                   
0     00008a88  Interrupt_initModule                     
0     00008ac5  GPIO_setControllerCore                   
0     00008afc  GPIO_setPinConfig                        
0     00008b33  GPIO_setQualificationMode                
0     00008b6a  Interrupt_enable                         
0     00008ba1  GPIO_setDirectionMode                    
0     00008bd2  __TI_decompress_lzss                     
0     00008c02  ADC_setMode                              
0     00008c31  __TI_auto_init_nobinit_nopinit           
0     00008c5c  C$$EXIT                                  
0     00008c5c  abort                                    
0     00008c5e  exit                                     
0     00008cad  Interrupt_initVectorTable                
0     00008d00  SysCtl_getLowSpeedClock                  
0     00008d31  _c_int00                                 
0     00008d48  Interrupt_defaultHandler                 
0     00008dde  _args_main                               
0     00008df5  Interrupt_illegalOperationHandler        
0     00008dff  Interrupt_nmiHandler                     
0     00008e12  _register_unlock                         
0     00008e16  _register_lock                           
0     00008e1a  _nop                                     
0     00008e1b  __TI_decompress_none                     
0     00008e2a  memset                                   
0     00008e31  __TI_zero_init                           
0     00008e37  _system_pre_init                         
0     00008e39  _system_post_cinit                       
0     0000b617  main                                     
0     0000b6eb  ConfiguraBaseEPWM                        
0     0000b726  ConfiguraSinaisComplementares            
0     0000b74e  configureGPIO                            
0     0000b75b  configureDAC                             
0     0000b77a  configureEPWM                            
0     0000b7a2  configureADC                             
0     0000b7ba  setupADCSingleTarget                     
1     00000400  __stack                                  
1     00000500  __TI_STACK_END                           
1     0000ab04  periodo_meio                             
1     0000ab06  freq_moduladora                          
1     0000ab08  indice_modulacao                         
1     0000ab0a  theta                                    
1     0000ab0c  Example_Result                           
1     0000ab0e  Example_PassCount                        
1     0000ab10  Example_Fail                             
1     0000ab12  __TI_enable_exit_profile_output          
1     0000ab14  __TI_cleanup_ptr                         
1     0000ab16  __TI_dtors_ptr                           
1     0000ab18  _lock                                    
1     0000ab1a  _unlock                                  
abs   00000100  __TI_STACK_SIZE                          
abs   ffffffff  __TI_pprof_out_hndl                      
abs   ffffffff  __TI_prof_data_size                      
abs   ffffffff  __TI_prof_data_start                     
n/a   UNDEFED   __c_args__                               

[87 symbols]
