******************************************************************************
             TMS320C2000 Linker PC v22.6.1                     
******************************************************************************
>> Linked Mon Apr 13 16:34:42 2026

OUTPUT FILE NAME:   <SPWM_EPWM_COMPLEMENTAR.out>
ENTRY POINT SYMBOL: "code_start"  address: 00000000


MEMORY CONFIGURATION

         name            origin    length      used     unused   attr    fill
----------------------  --------  ---------  --------  --------  ----  --------
PAGE 0:
  BEGIN                 00000000   00000002  00000002  00000000  RWIX
  RAMM0                 00000123   000002dd  00000026  000002b7  RWIX
  RAMLS0                00008000   00000800  000007ff  00000001  RWIX
  RAMLS1                00008800   00000800  000003ca  00000436  RWIX
  RAMLS2                00009000   00000800  00000000  00000800  RWIX
  RAMLS3                00009800   00000800  00000000  00000800  RWIX
  RAMLS4                0000a000   00000800  00000000  00000800  RWIX
  RAMD0                 0000b000   00000800  00000800  00000000  RWIX
  FLASHA                00080002   00001ffe  00000000  00001ffe  RWIX
  FLASHB                00082000   00002000  00000000  00002000  RWIX
  FLASHC                00084000   00002000  00000000  00002000  RWIX
  FLASHD                00086000   00002000  00000000  00002000  RWIX
  FLASHE                00088000   00008000  00000000  00008000  RWIX
  FLASHF                00090000   00008000  00000000  00008000  RWIX
  FLASHG                00098000   00008000  00000000  00008000  RWIX
  FLASHH                000a0000   00008000  00000000  00008000  RWIX
  FLASHI                000a8000   00008000  00000000  00008000  RWIX
  FLASHJ                000b0000   00008000  00000000  00008000  RWIX
  FLASHK                000b8000   00002000  00000000  00002000  RWIX
  FLASHL                000ba000   00002000  00000000  00002000  RWIX
  FLASHM                000bc000   00002000  00000000  00002000  RWIX
  FLASHN                000be000   00001ff0  00000000  00001ff0  RWIX
  RESET                 003fffc0   00000002  00000000  00000002  RWIX

PAGE 1:
  BOOT_RSVD             00000002   00000121  00000000  00000121  RWIX
  RAMM1                 00000400   000003f8  00000100  000002f8  RWIX
  RAMLS5                0000a800   00000800  000004b5  0000034b  RWIX
  RAMD1                 0000b800   00000800  00000000  00000800  RWIX
  RAMGS0                0000c000   00001000  00000000  00001000  RWIX
  RAMGS1                0000d000   00001000  00000000  00001000  RWIX
  RAMGS2                0000e000   00001000  00000000  00001000  RWIX
  RAMGS3                0000f000   00001000  00000000  00001000  RWIX
  RAMGS4                00010000   00001000  00000000  00001000  RWIX
  RAMGS5                00011000   00001000  00000000  00001000  RWIX
  RAMGS6                00012000   00001000  00000000  00001000  RWIX
  RAMGS7                00013000   00001000  00000000  00001000  RWIX
  RAMGS8                00014000   00001000  00000000  00001000  RWIX
  RAMGS9                00015000   00001000  00000000  00001000  RWIX
  RAMGS10               00016000   00001000  00000000  00001000  RWIX
  RAMGS11               00017000   00001000  00000000  00001000  RWIX
  RAMGS12               00018000   00001000  00000000  00001000  RWIX
  RAMGS13               00019000   00001000  00000000  00001000  RWIX
  RAMGS14               0001a000   00001000  00000000  00001000  RWIX
  RAMGS15               0001b000   00000ff8  00000000  00000ff8  RWIX
  CPU2TOCPU1RAM         0003f800   00000400  00000000  00000400  RWIX
  CPU1TOCPU2RAM         0003fc00   00000400  00000000  00000400  RWIX
  CANA_MSG_RAM          00049000   00000800  00000000  00000800  RWIX
  CANB_MSG_RAM          0004b000   00000800  00000000  00000800  RWIX


SECTION ALLOCATION MAP

 output                                  attributes/
section   page    origin      length       input sections
--------  ----  ----------  ----------   ----------------
codestart 
*          0    00000000    00000002     
                  00000000    00000002     F2837xD_CodeStartBranch.obj (codestart)

.cinit     0    00000128    00000022     
                  00000128    00000019     (.cinit..data.load) [load image, compression = lzss]
                  00000141    00000001     --HOLE-- [fill = 0]
                  00000142    00000004     (__TI_handler_table)
                  00000146    00000004     (__TI_cinit_table)

.reset     0    003fffc0    00000000     DSECT

.stack     1    00000400    00000100     UNINITIALIZED
                  00000400    00000100     --HOLE--

.init_array 
*          0    00000123    00000000     UNINITIALIZED

.const     1    0000a800    00000491     
                  0000a800    00000200     SPWM_EPWM_COMPLEMENTAR.obj (.const:SENO_LUT)
                  0000aa00    000000c2     driverlib_eabi.lib : sysctl.obj (.const:.string)
                  0000aac2    000000bc                        : epwm.obj (.const:.string)
                  0000ab7e    000000bc                        : gpio.obj (.const:.string)
                  0000ac3a    00000044     SPWM_EPWM_COMPLEMENTAR.obj (.const:.string)
                  0000ac7e    00000013     device.obj (.const:.string)

.data      1    0000ac92    00000024     UNINITIALIZED
                  0000ac92    00000014     SPWM_EPWM_COMPLEMENTAR.obj (.data)
                  0000aca6    00000006     device.obj (.data)
                  0000acac    00000006     rts2800_fpu32_eabi.lib : exit.c.obj (.data)
                  0000acb2    00000002                            : _lock.c.obj (.data:_lock)
                  0000acb4    00000002                            : _lock.c.obj (.data:_unlock)

.TI.ramfunc 
*          0    00000123    00000004     
                  00000123    00000004     driverlib_eabi.lib : sysctl.obj (.TI.ramfunc)

GETBUFFER 
*          0    0003f800    00000000     DSECT

GETWRITEIDX 
*          0    0003f800    00000000     DSECT

PUTREADIDX 
*          0    0003f800    00000000     DSECT

.text.1    0    00008000    000007ff     
                  00008000    00000212     driverlib_eabi.lib : epwm.obj (.text:EPWM_configureSignal)
                  00008212    00000209                        : sysctl.obj (.text:SysCtl_setClock)
                  0000841b    000000c0     SPWM_EPWM_COMPLEMENTAR.obj (.text:retain)
                  000084db    00000090     driverlib_eabi.lib : sysctl.obj (.text:SysCtl_selectXTAL)
                  0000856b    00000068                        : sysctl.obj (.text:SysCtl_getDeviceParametric)
                  000085d3    00000052                        : gpio.obj (.text:GPIO_setPadConfig)
                  00008625    00000051                        : sysctl.obj (.text:SysCtl_getClock)
                  00008676    00000048                        : sysctl.obj (.text:SysCtl_selectOscSource)
                  000086be    00000040                        : epwm.obj (.text:EPWM_setActionQualifierAction)
                  000086fe    0000003e                        : epwm.obj (.text:EPWM_setCounterCompareShadowLoadMode)
                  0000873c    0000003d                        : interrupt.obj (.text:Interrupt_initModule)
                  00008779    0000003b                        : epwm.obj (.text:EPWM_isBaseValid)
                  000087b4    00000037                        : gpio.obj (.text:GPIO_setControllerCore)
                  000087eb    00000014                        : sysctl.obj (.text:CPUTimer_stopTimer)

.text.2    0    00008800    000003ca     
                  00008800    00000037     driverlib_eabi.lib : gpio.obj (.text:GPIO_setPinConfig)
                  00008837    00000037                        : gpio.obj (.text:GPIO_setQualificationMode)
                  0000886e    00000037                        : interrupt.obj (.text:Interrupt_enable)
                  000088a5    00000031                        : gpio.obj (.text:GPIO_setDirectionMode)
                  000088d6    00000030     rts2800_fpu32_eabi.lib : copy_decompress_lzss.c.obj (.text:decompress:lzss)
                  00008906    0000002b                            : autoinit.c.obj (.text:__TI_auto_init_nobinit_nopinit)
                  00008931    00000029                            : exit.c.obj (.text)
                  0000895a    00000028     driverlib_eabi.lib : sysctl.obj (.text:CPUTimer_selectClockSource)
                  00008982    00000022                        : epwm.obj (.text:EPWM_setCounterCompareValue)
                  000089a4    0000001f                        : sysctl.obj (.text:CPUTimer_getTimerOverflowStatus)
                  000089c3    0000001e                        : epwm.obj (.text:EPWM_setPhaseShift)
                  000089e1    0000001e                        : interrupt.obj (.text:Interrupt_initVectorTable)
                  000089ff    0000001d     rts2800_fpu32_eabi.lib : memcpy.c.obj (.text)
                  00008a1c    0000001c     driverlib_eabi.lib : epwm.obj (.text:EPWM_setClockPrescaler)
                  00008a38    0000001a                        : sysctl.obj (.text:CPUTimer_startTimer)
                  00008a52    0000001a                        : sysctl.obj (.text:SysCtl_getLowSpeedClock)
                  00008a6c    00000017                        : sysctl.obj (.text:CPUTimer_isBaseValid)
                  00008a83    00000017     rts2800_fpu32_eabi.lib : boot28.asm.obj (.text)
                  00008a9a    00000016     driverlib_eabi.lib : interrupt.obj (.text:Interrupt_defaultHandler)
                  00008ab0    00000014                        : epwm.obj (.text:EPWM_setTimeBaseCounterMode)
                  00008ac4    00000014                        : epwm.obj (.text:EPWM_setTimeBasePeriod)
                  00008ad8    00000012                        : sysctl.obj (.text:CPUTimer_clearOverflowFlag)
                  00008aea    00000012                        : sysctl.obj (.text:CPUTimer_disableInterrupt)
                  00008afc    00000012                        : epwm.obj (.text:EPWM_setTimeBaseCounter)
                  00008b0e    00000011                        : sysctl.obj (.text:CPUTimer_setPeriod)
                  00008b1f    00000011                        : epwm.obj (.text:EPWM_disablePhaseShiftLoad)
                  00008b30    0000000f                        : sysctl.obj (.text:SysCtl_pollCpuTimer)
                  00008b3f    0000000f                        : epwm.obj (.text:SysCtl_setEPWMClockDivider)
                  00008b4e    0000000e                        : gpio.obj (.text:GPIO_isPinValid)
                  00008b5c    0000000d                        : interrupt.obj (.text:Interrupt_disableGlobal)
                  00008b69    0000000d                        : interrupt.obj (.text:Interrupt_enableGlobal)
                  00008b76    0000000c     rts2800_fpu32_eabi.lib : args_main.c.obj (.text)
                  00008b82    0000000b     driverlib_eabi.lib : sysctl.obj (.text:SysCtl_isMCDClockFailureDetected)
                  00008b8d    0000000a                        : interrupt.obj (.text:Interrupt_illegalOperationHandler)
                  00008b97    0000000a                        : interrupt.obj (.text:Interrupt_nmiHandler)
                  00008ba1    00000009                        : sysctl.obj (.text:SysCtl_serviceWatchdog)
                  00008baa    00000009     rts2800_fpu32_eabi.lib : _lock.c.obj (.text)
                  00008bb3    00000008     F2837xD_CodeStartBranch.obj (.text)
                  00008bbb    00000008     rts2800_fpu32_eabi.lib : copy_decompress_none.c.obj (.text:decompress:none)
                  00008bc3    00000007     driverlib_eabi.lib : sysctl.obj (.text:SysCtl_resetMCD)

.text.3    0    0000b000    00000800     
                  0000b000    000003ff     device.obj (.text)
                  0000b3ff    00000376     SPWM_EPWM_COMPLEMENTAR.obj (.text)
                  0000b775    00000088     rts2800_fpu32_eabi.lib : fs_div28.asm.obj (.text)
                  0000b7fd    00000002                            : pre_init.c.obj (.text)
                  0000b7ff    00000001                            : startup.c.obj (.text)

MODULE SUMMARY

       Module                        code   ro data   rw data
       ------                        ----   -------   -------
    .\
       SPWM_EPWM_COMPLEMENTAR.obj    1078   580       20     
    +--+-----------------------------+------+---------+---------+
       Total:                        1078   580       20     
                                                             
    .\device\
       device.obj                    1023   19        6      
       F2837xD_CodeStartBranch.obj   10     0         0      
    +--+-----------------------------+------+---------+---------+
       Total:                        1033   19        6      
                                                             
    C:\ti\c2000\C2000Ware_5_04_00_00\driverlib\f2837xd\driverlib\ccs\Debug\driverlib_eabi.lib
       sysctl.obj                    1187   194       0      
       epwm.obj                      897    188       0      
       gpio.obj                      310    188       0      
       interrupt.obj                 214    0         0      
    +--+-----------------------------+------+---------+---------+
       Total:                        2608   570       0      
                                                             
    C:\ti\ccs1281\ccs\tools\compiler\ti-cgt-c2000_22.6.1.LTS\lib\rts2800_fpu32_eabi.lib
       fs_div28.asm.obj              136    0         0      
       copy_decompress_lzss.c.obj    48     0         0      
       exit.c.obj                    41     0         6      
       autoinit.c.obj                43     0         0      
       memcpy.c.obj                  29     0         0      
       boot28.asm.obj                23     0         0      
       _lock.c.obj                   9      0         4      
       args_main.c.obj               12     0         0      
       copy_decompress_none.c.obj    8      0         0      
       pre_init.c.obj                2      0         0      
       startup.c.obj                 1      0         0      
    +--+-----------------------------+------+---------+---------+
       Total:                        352    0         10     
                                                             
       Stack:                        0      0         256    
       Linker Generated:             0      33        0      
    +--+-----------------------------+------+---------+---------+
       Grand Total:                  5071   1202      292    


LINKER GENERATED COPY TABLES

__TI_cinit_table @ 00000146 records: 1, size/record: 4, table size: 4
	.data: load addr=00000128, load size=00000019 bytes, run addr=0000ac92, run size=00000024 bytes, compression=lzss


LINKER GENERATED HANDLER TABLE

__TI_handler_table @ 00000142 records: 2, size/record: 2, table size: 4
	index: 0, handler: __TI_decompress_lzss
	index: 1, handler: __TI_decompress_none


GLOBAL DATA SYMBOLS: SORTED BY DATA PAGE

address     data page           name
--------    ----------------    ----
00000400      10 (00000400)     __stack

0000a800     2a0 (0000a800)     SENO_LUT

0000ac92     2b2 (0000ac80)     periodo_meio
0000ac94     2b2 (0000ac80)     indice_modulacao
0000ac96     2b2 (0000ac80)     indice_atual
0000ac98     2b2 (0000ac80)     pwmSignal
0000aca6     2b2 (0000ac80)     Example_Result
0000aca8     2b2 (0000ac80)     Example_PassCount
0000acaa     2b2 (0000ac80)     Example_Fail
0000acac     2b2 (0000ac80)     __TI_enable_exit_profile_output
0000acae     2b2 (0000ac80)     __TI_cleanup_ptr
0000acb0     2b2 (0000ac80)     __TI_dtors_ptr
0000acb2     2b2 (0000ac80)     _lock
0000acb4     2b2 (0000ac80)     _unlock


GLOBAL SYMBOLS: SORTED ALPHABETICALLY BY Name 

page  address   name                                     
----  -------   ----                                     
0     00008931  C$$EXIT                                  
0     0000b74d  ConfiguraSinaisComplementares            
0     0000b273  Device_bootCPU2                          
0     0000b242  Device_configureTMXAnalogTrim            
0     0000b0f0  Device_enableAllPeripherals              
0     0000b22c  Device_enableUnbondedGPIOPullups         
0     0000b20f  Device_enableUnbondedGPIOPullupsFor100Pin
0     0000b1fc  Device_enableUnbondedGPIOPullupsFor176Pin
0     0000b0ae  Device_init                              
0     0000b1db  Device_initGPIO                          
0     00008000  EPWM_configureSignal                     
1     0000acaa  Example_Fail                             
1     0000aca8  Example_PassCount                        
1     0000aca6  Example_Result                           
0     0000b3fe  Example_done                             
0     0000b3f9  Example_setResultFail                    
0     0000b3f4  Example_setResultPass                    
0     000087b4  GPIO_setControllerCore                   
0     000088a5  GPIO_setDirectionMode                    
0     000085d3  GPIO_setPadConfig                        
0     00008800  GPIO_setPinConfig                        
0     00008837  GPIO_setQualificationMode                
0     00008a9a  Interrupt_defaultHandler                 
0     0000886e  Interrupt_enable                         
0     00008b8d  Interrupt_illegalOperationHandler        
0     0000873c  Interrupt_initModule                     
0     000089e1  Interrupt_initVectorTable                
0     00008b97  Interrupt_nmiHandler                     
1     0000a800  SENO_LUT                                 
0     00000123  SysCtl_delay                             
0     00008625  SysCtl_getClock                          
0     0000856b  SysCtl_getDeviceParametric               
0     00008a52  SysCtl_getLowSpeedClock                  
0     00008676  SysCtl_selectOscSource                   
0     000084db  SysCtl_selectXTAL                        
0     00008212  SysCtl_setClock                          
0     00000146  __TI_CINIT_Base                          
0     0000014a  __TI_CINIT_Limit                         
0     0000014a  __TI_CINIT_Warm                          
0     00000142  __TI_Handler_Table_Base                  
0     00000146  __TI_Handler_Table_Limit                 
1     00000500  __TI_STACK_END                           
abs   00000100  __TI_STACK_SIZE                          
0     00008906  __TI_auto_init_nobinit_nopinit           
1     0000acae  __TI_cleanup_ptr                         
0     000088d6  __TI_decompress_lzss                     
0     00008bbb  __TI_decompress_none                     
1     0000acb0  __TI_dtors_ptr                           
1     0000acac  __TI_enable_exit_profile_output          
abs   ffffffff  __TI_pprof_out_hndl                      
abs   ffffffff  __TI_prof_data_size                      
abs   ffffffff  __TI_prof_data_start                     
0     0000b775  __c28xabi_divf                           
n/a   UNDEFED   __c_args__                               
0     0000b3ed  __error__                                
1     00000400  __stack                                  
0     00008b76  _args_main                               
0     00008a83  _c_int00                                 
1     0000acb2  _lock                                    
0     00008bb2  _nop                                     
0     00008bae  _register_lock                           
0     00008baa  _register_unlock                         
0     0000b7ff  _system_post_cinit                       
0     0000b7fd  _system_pre_init                         
1     0000acb4  _unlock                                  
0     00008931  abort                                    
0     00000000  code_start                               
0     0000841b  epwm1ISR                                 
0     00008933  exit                                     
1     0000ac96  indice_atual                             
1     0000ac94  indice_modulacao                         
0     0000b69a  main                                     
0     000089ff  memcpy                                   
1     0000ac92  periodo_meio                             
1     0000ac98  pwmSignal                                


GLOBAL SYMBOLS: SORTED BY Symbol Address 

page  address   name                                     
----  -------   ----                                     
0     00000000  code_start                               
0     00000123  SysCtl_delay                             
0     00000142  __TI_Handler_Table_Base                  
0     00000146  __TI_CINIT_Base                          
0     00000146  __TI_Handler_Table_Limit                 
0     0000014a  __TI_CINIT_Limit                         
0     0000014a  __TI_CINIT_Warm                          
0     00008000  EPWM_configureSignal                     
0     00008212  SysCtl_setClock                          
0     0000841b  epwm1ISR                                 
0     000084db  SysCtl_selectXTAL                        
0     0000856b  SysCtl_getDeviceParametric               
0     000085d3  GPIO_setPadConfig                        
0     00008625  SysCtl_getClock                          
0     00008676  SysCtl_selectOscSource                   
0     0000873c  Interrupt_initModule                     
0     000087b4  GPIO_setControllerCore                   
0     00008800  GPIO_setPinConfig                        
0     00008837  GPIO_setQualificationMode                
0     0000886e  Interrupt_enable                         
0     000088a5  GPIO_setDirectionMode                    
0     000088d6  __TI_decompress_lzss                     
0     00008906  __TI_auto_init_nobinit_nopinit           
0     00008931  C$$EXIT                                  
0     00008931  abort                                    
0     00008933  exit                                     
0     000089e1  Interrupt_initVectorTable                
0     000089ff  memcpy                                   
0     00008a52  SysCtl_getLowSpeedClock                  
0     00008a83  _c_int00                                 
0     00008a9a  Interrupt_defaultHandler                 
0     00008b76  _args_main                               
0     00008b8d  Interrupt_illegalOperationHandler        
0     00008b97  Interrupt_nmiHandler                     
0     00008baa  _register_unlock                         
0     00008bae  _register_lock                           
0     00008bb2  _nop                                     
0     00008bbb  __TI_decompress_none                     
0     0000b0ae  Device_init                              
0     0000b0f0  Device_enableAllPeripherals              
0     0000b1db  Device_initGPIO                          
0     0000b1fc  Device_enableUnbondedGPIOPullupsFor176Pin
0     0000b20f  Device_enableUnbondedGPIOPullupsFor100Pin
0     0000b22c  Device_enableUnbondedGPIOPullups         
0     0000b242  Device_configureTMXAnalogTrim            
0     0000b273  Device_bootCPU2                          
0     0000b3ed  __error__                                
0     0000b3f4  Example_setResultPass                    
0     0000b3f9  Example_setResultFail                    
0     0000b3fe  Example_done                             
0     0000b69a  main                                     
0     0000b74d  ConfiguraSinaisComplementares            
0     0000b775  __c28xabi_divf                           
0     0000b7fd  _system_pre_init                         
0     0000b7ff  _system_post_cinit                       
1     00000400  __stack                                  
1     00000500  __TI_STACK_END                           
1     0000a800  SENO_LUT                                 
1     0000ac92  periodo_meio                             
1     0000ac94  indice_modulacao                         
1     0000ac96  indice_atual                             
1     0000ac98  pwmSignal                                
1     0000aca6  Example_Result                           
1     0000aca8  Example_PassCount                        
1     0000acaa  Example_Fail                             
1     0000acac  __TI_enable_exit_profile_output          
1     0000acae  __TI_cleanup_ptr                         
1     0000acb0  __TI_dtors_ptr                           
1     0000acb2  _lock                                    
1     0000acb4  _unlock                                  
abs   00000100  __TI_STACK_SIZE                          
abs   ffffffff  __TI_pprof_out_hndl                      
abs   ffffffff  __TI_prof_data_size                      
abs   ffffffff  __TI_prof_data_start                     
n/a   UNDEFED   __c_args__                               

[75 symbols]
